Archive member included to satisfy reference by file (symbol)

c:/gcc/7_2018q2/bin/../lib/gcc/arm-none-eabi/7.3.1/../../../../arm-none-eabi/lib/thumb/v7e-m/fpv4-sp/hard\libc.a(lib_a-memcpy.o)
                              bin/queue.o (memcpy)
c:/gcc/7_2018q2/bin/../lib/gcc/arm-none-eabi/7.3.1/../../../../arm-none-eabi/lib/thumb/v7e-m/fpv4-sp/hard\libc.a(lib_a-memset.o)
                              bin/tasks.o (memset)
c:/gcc/7_2018q2/bin/../lib/gcc/arm-none-eabi/7.3.1/thumb/v7e-m/fpv4-sp/hard\libgcc.a(_arm_addsubdf3.o)
                              bin/nema_utils.o (__aeabi_f2d)
c:/gcc/7_2018q2/bin/../lib/gcc/arm-none-eabi/7.3.1/thumb/v7e-m/fpv4-sp/hard\libgcc.a(_arm_truncdfsf2.o)
                              bin/am_util_stdio.o (__aeabi_d2f)
../../../../../../mcu/apollo4b/hal/mcu/gcc/bin/libam_hal.a(am_hal_clkgen.o)
                              bin/nemagfx_watchface.o (am_hal_clkgen_control)
../../../../../../mcu/apollo4b/hal/mcu/gcc/bin/libam_hal.a(am_hal_dsi.o)
                              bin/nemagfx_watchface.o (am_hal_dsi_register_external_vdd18_callback)
../../../../../../mcu/apollo4b/hal/mcu/gcc/bin/libam_hal.a(am_hal_interrupt.o)
                              bin/nemagfx_watchface.o (am_hal_interrupt_master_enable)
../../../../../../mcu/apollo4b/hal/mcu/gcc/bin/libam_hal.a(am_hal_itm.o)
                              bin/nemagfx_watchface.o (am_hal_itm_disable)
../../../../../../mcu/apollo4b/hal/mcu/gcc/bin/libam_hal.a(am_hal_sysctrl.o)
                              bin/rtos.o (am_hal_sysctrl_sleep)
../../../../../../mcu/apollo4b/hal/mcu/gcc/bin/libam_hal.a(am_hal_utils.o)
                              bin/am_util_delay.o (am_hal_delay_us)
../../../../../../mcu/apollo4b/hal/mcu/gcc/bin/libam_hal.a(am_hal_gpio.o)
                              bin/am_devices_dsi_rm67162.o (am_hal_gpio_pinconfig)
../../../../../../mcu/apollo4b/hal/mcu/gcc/bin/libam_hal.a(am_hal_pin.o)
                              ../../../../../../mcu/apollo4b/hal/mcu/gcc/bin/libam_hal.a(am_hal_gpio.o) (am_hal_pin_fn_list)
../../../../../../mcu/apollo4b/hal/mcu/gcc/bin/libam_hal.a(am_hal_pwrctrl.o)
                              bin/nemagfx_watchface.o (am_hal_pwrctrl_periph_enable)
../../../../../../mcu/apollo4b/hal/mcu/gcc/bin/libam_hal.a(am_hal_stimer.o)
                              bin/port.o (am_hal_stimer_config)
../../../../../../mcu/apollo4b/hal/mcu/gcc/bin/libam_hal.a(am_hal_timer.o)
                              ../../../../../../mcu/apollo4b/hal/mcu/gcc/bin/libam_hal.a(am_hal_pwrctrl.o) (internal_timer_config)
../../../../../../mcu/apollo4b/hal/mcu/gcc/bin/libam_hal.a(am_hal_bootrom_helper.o)
                              ../../../../../../mcu/apollo4b/hal/mcu/gcc/bin/libam_hal.a(am_hal_utils.o) (g_am_hal_bootrom_helper)
../../../../../../mcu/apollo4b/hal/mcu/gcc/bin/libam_hal.a(am_hal_cachectrl.o)
                              ../../../../../../mcu/apollo4b/hal/mcu/gcc/bin/libam_hal.a(am_hal_pwrctrl.o) (am_hal_daxi_config)
../../../../../../mcu/apollo4b/hal/mcu/gcc/bin/libam_hal.a(am_hal_mram.o)
                              ../../../../../../mcu/apollo4b/hal/mcu/gcc/bin/libam_hal.a(am_hal_pwrctrl.o) (am_hal_mram_info_read)
../../../../../../mcu/apollo4b/hal/mcu/gcc/bin/libam_hal.a(am_hal_global.o)
                              ../../../../../../mcu/apollo4b/hal/mcu/gcc/bin/libam_hal.a(am_hal_stimer.o) (am_hal_triple_read)
../../../../bsp/gcc/bin/libam_bsp.a(am_bsp.o)
                              bin/nemagfx_watchface.o (am_bsp_external_vdd18_switch)
../../../../bsp/gcc/bin/libam_bsp.a(am_bsp_pins.o)
                              ../../../../bsp/gcc/bin/libam_bsp.a(am_bsp.o) (g_AM_BSP_GPIO_SDIF_CLKOUT)
../../../../../../third_party/ThinkSi/config/apollo4b_nemagfx/gcc/bin/lib_nema_apollo4b_nemagfx.a(nema_cmdlist.o)
                              bin/main.o (nema_cl_create_sized)
../../../../../../third_party/ThinkSi/config/apollo4b_nemagfx/gcc/bin/lib_nema_apollo4b_nemagfx.a(nema_ringbuffer.o)
                              bin/nema_hal.o (nema_rb_init)
../../../../../../third_party/ThinkSi/config/apollo4b_nemagfx/gcc/bin/lib_nema_apollo4b_nemagfx.a(nema_blender.o)
                              bin/watch.o (nema_set_blend)
../../../../../../third_party/ThinkSi/config/apollo4b_nemagfx/gcc/bin/lib_nema_apollo4b_nemagfx.a(nema_graphics.o)
                              bin/main.o (nema_init)
../../../../../../third_party/ThinkSi/config/apollo4b_nemagfx/gcc/bin/lib_nema_apollo4b_nemagfx.a(nema_interpolators.o)
                              ../../../../../../third_party/ThinkSi/config/apollo4b_nemagfx/gcc/bin/lib_nema_apollo4b_nemagfx.a(nema_graphics.o) (nema_interpolate_tx_ty)
../../../../../../third_party/ThinkSi/config/apollo4b_nemagfx/gcc/bin/lib_nema_apollo4b_nemagfx.a(nema_programHW.o)
                              ../../../../../../third_party/ThinkSi/config/apollo4b_nemagfx/gcc/bin/lib_nema_apollo4b_nemagfx.a(nema_blender.o) (nema_readHwConfig)
[...]
Memory Configuration

Name             Origin             Length             Attributes
MCU_MRAM         0x00018000         0x001e8000         xr
MCU_TCM          0x10000000         0x00060000         xrw
MCU_SRAM         0x00000000         0x00000000         xr
SHARED_SRAM      0x10060000         0x00100000         xrw
*default*        0x00000000         0xffffffff

Linker script and memory map


.text           0x00018000     0xad78
                0x00018000                . = ALIGN (0x4)
 *(.isr_vector)
 .isr_vector    0x00018000      0x190 bin/startup_gcc.o
                0x00018000                g_am_pfnVectors
 *(.patch)
 .patch         0x00018190       0x70 bin/startup_gcc.o
                0x00018190                __Patchable
 *(.text)
 .text          0x00018200      0x378 c:/gcc/7_2018q2/bin/../lib/gcc/arm-none-eabi/7.3.1/thumb/v7e-m/fpv4-sp/hard\libgcc.a(_arm_addsubdf3.o)
                0x00018200                __aeabi_drsub
                0x00018208                __aeabi_dsub
                0x00018208                __subdf3
                0x0001820c                __aeabi_dadd
                0x0001820c                __adddf3
                0x00018484                __floatunsidf
                0x00018484                __aeabi_ui2d
                0x000184a4                __floatsidf
                0x000184a4                __aeabi_i2d
                0x000184c8                __aeabi_f2d
                0x000184c8                __extendsfdf2
                0x0001850c                __floatundidf
                0x0001850c                __aeabi_ul2d
                0x0001851c                __floatdidf
                0x0001851c                __aeabi_l2d
 .text          0x00018578       0xa0 c:/gcc/7_2018q2/bin/../lib/gcc/arm-none-eabi/7.3.1/thumb/v7e-m/fpv4-sp/hard\libgcc.a(_arm_truncdfsf2.o)
                0x00018578                __truncdfsf2
                0x00018578                __aeabi_d2f
 *(.text*)
 .text.nema_init_triple_fb
                0x00018618       0x4c bin/main.o
                0x00018618                nema_init_triple_fb
 .text.nema_swap_layer
                0x00018664       0x90 bin/main.o
                0x00018664                nema_swap_layer
 .text.swap_fb  0x000186f4       0x1c bin/main.o
 .text.flush_screen
                0x00018710       0x34 bin/main.o
                0x00018710                flush_screen
 .text.load_objects
                0x00018744      0x16c bin/main.o
 .text.watchface
                0x000188b0      0x354 bin/main.o
                0x000188b0                watchface
 .text.nema_set_blend_fill
                0x00018c04       0x1e bin/watch.o
 .text.nema_set_blend_blit
                0x00018c22       0x1c bin/watch.o
 .text.create_bo_from_pointer
                0x00018c3e       0x46 bin/watch.o
 .text.load_images
                0x00018c84       0x9c bin/watch.o
 .text.init_watch
                0x00018d20       0x58 bin/watch.o
                0x00018d20                init_watch
 .text.draw_needle
                0x00018d78      0x160 bin/watch.o
 .text.draw_watchface
                0x00018ed8      0x1c4 bin/watch.o
                0x00018ed8                draw_watchface
 *fill*         0x0001909c        0x4 
 .text.SVC_Handler
                0x000190a0       0x28 bin/port.o
                0x000190a0                SVC_Handler
 *fill*         0x000190c8        0x8 
 .text.PendSV_Handler
                0x000190d0       0x68 bin/port.o
                0x000190d0                PendSV_Handler
 .text.SysTick_Handler
                0x00019138       0x40 bin/port.o
                0x00019138                SysTick_Handler
 .text.xPortStimerTickHandler
                0x00019178       0xcc bin/port.o
                0x00019178                xPortStimerTickHandler
 .text.am_stimer_cmpr0_isr
                0x00019244       0x2a bin/port.o
                0x00019244                am_stimer_cmpr0_isr
 *fill*         0x0001926e        0x2 
 .text.am_stimer_cmpr1_isr
                0x00019270       0x38 bin/port.o
                0x00019270                am_stimer_cmpr1_isr
 .text.__NVIC_EnableIRQ
                0x000192a8       0x34 bin/nema_dc_hal.o
 .text.__NVIC_SetPriority
                0x000192dc       0x50 bin/nema_dc_hal.o
 .text.prvVsyncInterruptHandler
                0x0001932c       0x44 bin/nema_dc_hal.o
 .text.prvTEInterruptHandler
                0x00019370       0x44 bin/nema_dc_hal.o
 .text.am_disp_isr
                0x000193b4       0x32 bin/nema_dc_hal.o
                0x000193b4                am_disp_isr
 *fill*         0x000193e6        0x2 
 .text.nemadc_sys_init
                0x000193e8       0x2c bin/nema_dc_hal.o
                0x000193e8                nemadc_sys_init
 .text.nemadc_wait_vsync
                0x00019414       0x2c bin/nema_dc_hal.o
                0x00019414                nemadc_wait_vsync
 .text.nemadc_reg_read
                0x00019440       0x1c bin/nema_dc_hal.o
                0x00019440                nemadc_reg_read
 .text.nemadc_reg_write
                0x0001945c       0x20 bin/nema_dc_hal.o
                0x0001945c                nemadc_reg_write
 .text.__NVIC_EnableIRQ
                0x0001947c       0x34 bin/nema_hal.o
 .text.__NVIC_SetPriority
                0x000194b0       0x50 bin/nema_hal.o
 .text.prvNemaInterruptHandler
                0x00019500       0x2c bin/nema_hal.o
 .text.am_gpu_isr
                0x0001952c        0xc bin/nema_hal.o
                0x0001952c                am_gpu_isr
 .text.nema_sys_init
                0x00019538       0x88 bin/nema_hal.o
                0x00019538                nema_sys_init
 .text.nema_wait_irq
                0x000195c0       0x34 bin/nema_hal.o
                0x000195c0                nema_wait_irq
 .text.nema_wait_irq_cl
                0x000195f4       0x30 bin/nema_hal.o
                0x000195f4                nema_wait_irq_cl
 .text.nema_reg_read
                0x00019624       0x1c bin/nema_hal.o
                0x00019624                nema_reg_read
 .text.nema_reg_write
                0x00019640       0x20 bin/nema_hal.o
                0x00019640                nema_reg_write
 .text.nema_buffer_create
                0x00019660       0x3e bin/nema_hal.o
                0x00019660                nema_buffer_create
 .text.nema_buffer_create_pool
                0x0001969e       0x1c bin/nema_hal.o
                0x0001969e                nema_buffer_create_pool
 .text.nema_buffer_map
                0x000196ba        0xe bin/nema_hal.o
                0x000196ba                nema_buffer_map
 .text.nema_buffer_flush
                0x000196c8       0x1a bin/nema_hal.o
                0x000196c8                nema_buffer_flush
 .text.nema_host_malloc
                0x000196e2       0x28 bin/nema_hal.o
                0x000196e2                nema_host_malloc
 .text.nema_host_free
                0x0001970a       0x20 bin/nema_hal.o
                0x0001970a                nema_host_free
 .text.nema_mutex_lock
                0x0001972a        0xc bin/nema_hal.o
                0x0001972a                nema_mutex_lock
 .text.nema_mutex_unlock
                0x00019736        0xc bin/nema_hal.o
                0x00019736                nema_mutex_unlock
 .text.nema_set_blend_blit
                0x00019742       0x1c bin/nema_utils.o
 *fill*         0x0001975e        0x2 
 .text.nema_get_time
                0x00019760       0xe4 bin/nema_utils.o
                0x00019760                nema_get_time
 .text.nema_calculate_fps
                0x00019844       0x88 bin/nema_utils.o
                0x00019844                nema_calculate_fps
 .text.nema_gpu_memcpy
                0x000198cc      0x158 bin/nema_utils.o
 .text.nema_memcpy
                0x00019a24       0x6a bin/nema_utils.o
                0x00019a24                nema_memcpy
 .text.enable_print_interface
                0x00019a8e        0xa bin/nemagfx_watchface.o
                0x00019a8e                enable_print_interface
 .text.main     0x00019a98       0xe8 bin/nemagfx_watchface.o
                0x00019a98                main
 .text.vApplicationStackOverflowHook
                0x00019b80        0xa bin/rtos.o
                0x00019b80                vApplicationStackOverflowHook
 *fill*         0x00019b8a        0x2 
 .text.send_reset_signal
                0x00019b8c       0x40 bin/am_devices_dsi_rm67162.o
                0x00019b8c                send_reset_signal
 .text.wait_NemaDC_dbi_idle
                0x00019bcc       0x28 bin/am_devices_dsi_rm67162.o
                0x00019bcc                wait_NemaDC_dbi_idle
 .text.dc_dbi_to_dsi_ct
                0x00019bf4       0x32 bin/am_devices_dsi_rm67162.o
 .text.dsi_dcs_write
                0x00019c26      0x206 bin/am_devices_dsi_rm67162.o
                0x00019c26                dsi_dcs_write
 .text.dsi_generic_write
                0x00019e2c      0x28e bin/am_devices_dsi_rm67162.o
                0x00019e2c                dsi_generic_write
 *fill*         0x0001a0ba        0x2 
 .text.am_devices_dsi_rm67162_init
                0x0001a0bc      0x27c bin/am_devices_dsi_rm67162.o
                0x0001a0bc                am_devices_dsi_rm67162_init
 .text.dsi_send_frame_single
                0x0001a338       0x1c bin/am_devices_dsi_rm67162.o
                0x0001a338                dsi_send_frame_single
 .text.dsi_send_frame_single_start
                0x0001a354       0x80 bin/am_devices_dsi_rm67162.o
                0x0001a354                dsi_send_frame_single_start
 .text.dsi_send_frame_single_end
                0x0001a3d4       0x7c bin/am_devices_dsi_rm67162.o
                0x0001a3d4                dsi_send_frame_single_end
 .text.send_RESX_signal
                0x0001a450       0x90 bin/am_devices_nemadc_rm67162.o
 .text.send_MIPI_cmd
                0x0001a4e0      0x114 bin/am_devices_nemadc_rm67162.o
                0x0001a4e0                send_MIPI_cmd
 .text.am_devices_nemadc_rm67162_init
                0x0001a5f4      0x264 bin/am_devices_nemadc_rm67162.o
                0x0001a5f4                am_devices_nemadc_rm67162_init
 .text.nemadc_send_frame_single
                0x0001a858      0x104 bin/am_devices_nemadc_rm67162.o
                0x0001a858                nemadc_send_frame_single
 .text.vListInsertEnd
                0x0001a95c       0x3e bin/list.o
                0x0001a95c                vListInsertEnd
 .text.uxListRemove
                0x0001a99a       0x4a bin/list.o
                0x0001a99a                uxListRemove
 .text.xTaskIncrementTick
                0x0001a9e4      0x13c bin/tasks.o
                0x0001a9e4                xTaskIncrementTick
 .text.vTaskSwitchContext
                0x0001ab20       0xf0 bin/tasks.o
                0x0001ab20                vTaskSwitchContext
 .text.prvResetNextTaskUnblockTime
                0x0001ac10       0x38 bin/tasks.o
 .text.am_util_delay_ms
                0x0001ac48       0x1e bin/am_util_delay.o
                0x0001ac48                am_util_delay_ms
 .text.am_util_delay_us
                0x0001ac66       0x14 bin/am_util_delay.o
                0x0001ac66                am_util_delay_us
 *fill*         0x0001ac7a        0x2 
 .text.am_util_stdio_printf_init
                0x0001ac7c       0x14 bin/am_util_stdio.o
                0x0001ac7c                am_util_stdio_printf_init
 .text.divu64_10
                0x0001ac90      0x1ba bin/am_util_stdio.o
 .text.ndigits_in_u64
                0x0001ae4a       0x3e bin/am_util_stdio.o
 .text.ndigits_in_i64
                0x0001ae88       0x36 bin/am_util_stdio.o
 .text.ndigits_in_hex
                0x0001aebe       0x4e bin/am_util_stdio.o
 .text.decstr_to_int
                0x0001af0c       0x88 bin/am_util_stdio.o
 .text.uint64_to_str
                0x0001af94       0x88 bin/am_util_stdio.o
 .text.uint64_to_hexstr
                0x0001b01c       0xc6 bin/am_util_stdio.o
 .text.simple_strlen
                0x0001b0e2       0x2c bin/am_util_stdio.o
 .text.padbuffer
                0x0001b10e       0x44 bin/am_util_stdio.o
 *fill*         0x0001b152        0x2 
 .text.ftoa     0x0001b154      0x1f8 bin/am_util_stdio.o
 .text.am_util_stdio_vsprintf
                0x0001b34c      0x60c bin/am_util_stdio.o
                0x0001b34c                am_util_stdio_vsprintf
 .text.am_util_stdio_printf
                0x0001b958       0x40 bin/am_util_stdio.o
                0x0001b958                am_util_stdio_printf
 .text.Reset_Handler
                0x0001b998       0x68 bin/startup_gcc.o
                0x0001b998                Reset_Handler
 .text.NMI_Handler
                0x0001ba00        0x2 bin/startup_gcc.o
                0x0001ba00                NMI_Handler
 .text.HardFault_Handler
                0x0001ba02        0x2 bin/startup_gcc.o
                0x0001ba02                UsageFault_Handler
                0x0001ba02                MemManage_Handler
                0x0001ba02                BusFault_Handler
                0x0001ba02                HardFault_Handler
 .text.am_default_isr
                0x0001ba04        0x2 bin/startup_gcc.o
                0x0001ba04                am_timer08_isr
                0x0001ba04                DebugMon_Handler
                0x0001ba04                am_iomaster4_isr
                0x0001ba04                am_gpio1_203f_isr
                0x0001ba04                am_timer00_isr
                0x0001ba04                am_dspi2s1_isr
                0x0001ba04                am_rtc_isr
                0x0001ba04                am_stimer_cmpr3_isr
                0x0001ba04                am_adc_isr
                0x0001ba04                am_dspi2s3_isr
                0x0001ba04                am_iomaster3_isr
                0x0001ba04                am_clkgen_isr
                0x0001ba04                am_stimerof_isr
                0x0001ba04                am_timer14_isr
                0x0001ba04                am_gpio0_001f_isr
                0x0001ba04                am_pdm3_isr
                0x0001ba04                am_cachecpu_isr
                0x0001ba04                am_dspi2s0_isr
                0x0001ba04                am_stimer_cmpr5_isr
                0x0001ba04                am_iomaster5_isr
                0x0001ba04                am_pdm0_isr
                0x0001ba04                am_uart_isr
                0x0001ba04                am_ctimer_isr
                0x0001ba04                am_gpio0_607f_isr
                0x0001ba04                am_gpio1_607f_isr
                0x0001ba04                am_dsi_isr
                0x0001ba04                am_timer01_isr
                0x0001ba04                am_gpio0_203f_isr
                0x0001ba04                am_audadc0_isr
                0x0001ba04                am_pdm1_isr
                0x0001ba04                am_ioslave_acc_isr
                0x0001ba04                am_mspi0_isr
                0x0001ba04                am_timer10_isr
                0x0001ba04                am_timer05_isr
                0x0001ba04                am_usb_isr
                0x0001ba04                am_stimer_cmpr6_isr
                0x0001ba04                am_gpio1_405f_isr
                0x0001ba04                am_iomaster7_isr
                0x0001ba04                am_iomaster1_isr
                0x0001ba04                am_timer06_isr
                0x0001ba04                am_timer03_isr
                0x0001ba04                am_brownout_isr
                0x0001ba04                am_timer13_isr
                0x0001ba04                am_vcomp_isr
                0x0001ba04                am_timer07_isr
                0x0001ba04                am_cryptosec_isr
                0x0001ba04                am_uart2_isr
                0x0001ba04                am_iomaster2_isr
                0x0001ba04                am_mspi2_isr
                0x0001ba04                am_iomaster6_isr
                0x0001ba04                am_timer11_isr
                0x0001ba04                am_stimer_cmpr2_isr
                0x0001ba04                am_ioslave_ios_isr
                0x0001ba04                am_gpio0_405f_isr
                0x0001ba04                am_timer15_isr
                0x0001ba04                am_mspi1_isr
                0x0001ba04                am_gpio1_001f_isr
                0x0001ba04                am_uart1_isr
                0x0001ba04                am_stimer_cmpr7_isr
                0x0001ba04                am_dspi2s2_isr
                0x0001ba04                am_uart3_isr
                0x0001ba04                am_watchdog_isr
                0x0001ba04                am_timer12_isr
                0x0001ba04                am_sdio_isr
                0x0001ba04                am_iomaster0_isr
                0x0001ba04                am_timer04_isr
                0x0001ba04                am_timer09_isr
                0x0001ba04                am_stimer_cmpr4_isr
                0x0001ba04                am_default_isr
                0x0001ba04                am_pdm2_isr
                0x0001ba04                am_timer02_isr
 *fill*         0x0001ba06        0x2 
 .text.memset   0x0001ba08       0x94 c:/gcc/7_2018q2/bin/../lib/gcc/arm-none-eabi/7.3.1/../../../../arm-none-eabi/lib/thumb/v7e-m/fpv4-sp/hard\libc.a(lib_a-memset.o)
                0x0001ba08                memset
 .text.am_hal_clkgen_control
                0x0001ba9c      0x210 ../../../../../../mcu/apollo4b/hal/mcu/gcc/bin/libam_hal.a(am_hal_clkgen.o)
                0x0001ba9c                am_hal_clkgen_control
 .text.am_hal_dsi_register_external_vdd18_callback
                0x0001bcac       0x14 ../../../../../../mcu/apollo4b/hal/mcu/gcc/bin/libam_hal.a(am_hal_dsi.o)
                0x0001bcac                am_hal_dsi_register_external_vdd18_callback
 .text.am_hal_dsi_para_config
                0x0001bcc0      0x198 ../../../../../../mcu/apollo4b/hal/mcu/gcc/bin/libam_hal.a(am_hal_dsi.o)
                0x0001bcc0                am_hal_dsi_para_config
 .text.am_hal_dsi_init
                0x0001be58       0x44 ../../../../../../mcu/apollo4b/hal/mcu/gcc/bin/libam_hal.a(am_hal_dsi.o)
                0x0001be58                am_hal_dsi_init
 .text.am_hal_interrupt_master_enable
                0x0001be9c        0x8 ../../../../../../mcu/apollo4b/hal/mcu/gcc/bin/libam_hal.a(am_hal_interrupt.o)
                0x0001be9c                am_hal_interrupt_master_enable
 .text.am_hal_interrupt_master_disable
                0x0001bea4        0x8 ../../../../../../mcu/apollo4b/hal/mcu/gcc/bin/libam_hal.a(am_hal_interrupt.o)
                0x0001bea4                am_hal_interrupt_master_disable
 .text.am_hal_interrupt_master_set
                0x0001beac        0x8 ../../../../../../mcu/apollo4b/hal/mcu/gcc/bin/libam_hal.a(am_hal_interrupt.o)
                0x0001beac                am_hal_interrupt_master_set
 .text.am_hal_itm_enable
                0x0001beb4       0x3c ../../../../../../mcu/apollo4b/hal/mcu/gcc/bin/libam_hal.a(am_hal_itm.o)
                0x0001beb4                am_hal_itm_enable
 .text.am_hal_itm_print
                0x0001bef0       0x30 ../../../../../../mcu/apollo4b/hal/mcu/gcc/bin/libam_hal.a(am_hal_itm.o)
                0x0001bef0                am_hal_itm_print
 .text.am_hal_delay_us
                0x0001bf20       0x30 ../../../../../../mcu/apollo4b/hal/mcu/gcc/bin/libam_hal.a(am_hal_utils.o)
                0x0001bf20                am_hal_delay_us
 .text.am_hal_delay_us_status_change
                0x0001bf50       0x54 ../../../../../../mcu/apollo4b/hal/mcu/gcc/bin/libam_hal.a(am_hal_utils.o)
                0x0001bf50                am_hal_delay_us_status_change
 .text.am_hal_delay_us_status_check
                0x0001bfa4       0x84 ../../../../../../mcu/apollo4b/hal/mcu/gcc/bin/libam_hal.a(am_hal_utils.o)
                0x0001bfa4                am_hal_delay_us_status_check
 .text.am_hal_gpio_pinconfig
                0x0001c028       0x58 ../../../../../../mcu/apollo4b/hal/mcu/gcc/bin/libam_hal.a(am_hal_gpio.o)
                0x0001c028                am_hal_gpio_pinconfig
 .text.am_hal_gpio_state_write
                0x0001c080       0xe4 ../../../../../../mcu/apollo4b/hal/mcu/gcc/bin/libam_hal.a(am_hal_gpio.o)
                0x0001c080                am_hal_gpio_state_write
 .text.am_hal_util_write_and_wait
                0x0001c164      0x128 ../../../../../../mcu/apollo4b/hal/mcu/gcc/bin/libam_hal.a(am_hal_pwrctrl.o)
                0x0001c164                am_hal_util_write_and_wait
 .text.am_hal_pwrctrl_periph_enable
                0x0001c28c       0x6c ../../../../../../mcu/apollo4b/hal/mcu/gcc/bin/libam_hal.a(am_hal_pwrctrl.o)
                0x0001c28c                am_hal_pwrctrl_periph_enable
 .text.am_hal_pwrctrl_periph_disable
                0x0001c2f8       0x70 ../../../../../../mcu/apollo4b/hal/mcu/gcc/bin/libam_hal.a(am_hal_pwrctrl.o)
                0x0001c2f8                am_hal_pwrctrl_periph_disable
 .text.am_hal_pwrctrl_low_power_init
                0x0001c368      0x19c ../../../../../../mcu/apollo4b/hal/mcu/gcc/bin/libam_hal.a(am_hal_pwrctrl.o)
                0x0001c368                am_hal_pwrctrl_low_power_init
 .text.am_hal_pwrctrl_control
                0x0001c504       0xc4 ../../../../../../mcu/apollo4b/hal/mcu/gcc/bin/libam_hal.a(am_hal_pwrctrl.o)
                0x0001c504                am_hal_pwrctrl_control
 .text.am_hal_stimer_counter_get
                0x0001c5c8       0x20 ../../../../../../mcu/apollo4b/hal/mcu/gcc/bin/libam_hal.a(am_hal_stimer.o)
                0x0001c5c8                am_hal_stimer_counter_get
 .text.am_hal_stimer_compare_delta_set
                0x0001c5e8       0x10 ../../../../../../mcu/apollo4b/hal/mcu/gcc/bin/libam_hal.a(am_hal_stimer.o)
                0x0001c5e8                am_hal_stimer_compare_delta_set
 .text.am_hal_stimer_int_clear
                0x0001c5f8        0xc ../../../../../../mcu/apollo4b/hal/mcu/gcc/bin/libam_hal.a(am_hal_stimer.o)
                0x0001c5f8                am_hal_stimer_int_clear
 .text.am_hal_stimer_int_status_get
                0x0001c604       0x18 ../../../../../../mcu/apollo4b/hal/mcu/gcc/bin/libam_hal.a(am_hal_stimer.o)
                0x0001c604                am_hal_stimer_int_status_get
 .text.timer_config_b1
                0x0001c61c      0x188 ../../../../../../mcu/apollo4b/hal/mcu/gcc/bin/libam_hal.a(am_hal_timer.o)
                0x0001c61c                timer_config_b1
 .text.internal_timer_config
                0x0001c7a4       0xbc ../../../../../../mcu/apollo4b/hal/mcu/gcc/bin/libam_hal.a(am_hal_timer.o)
                0x0001c7a4                internal_timer_config
 .text.am_hal_timer_config
                0x0001c860       0xbc ../../../../../../mcu/apollo4b/hal/mcu/gcc/bin/libam_hal.a(am_hal_timer.o)
                0x0001c860                am_hal_timer_config
 .text.am_hal_timer_default_config_set
                0x0001c91c       0x20 ../../../../../../mcu/apollo4b/hal/mcu/gcc/bin/libam_hal.a(am_hal_timer.o)
                0x0001c91c                am_hal_timer_default_config_set
 .text.am_hal_timer_start
                0x0001c93c       0x50 ../../../../../../mcu/apollo4b/hal/mcu/gcc/bin/libam_hal.a(am_hal_timer.o)
                0x0001c93c                am_hal_timer_start
 .text.am_hal_timer_stop
                0x0001c98c       0x44 ../../../../../../mcu/apollo4b/hal/mcu/gcc/bin/libam_hal.a(am_hal_timer.o)
                0x0001c98c                am_hal_timer_stop
 .text.am_hal_timer_clear
                0x0001c9d0       0x68 ../../../../../../mcu/apollo4b/hal/mcu/gcc/bin/libam_hal.a(am_hal_timer.o)
                0x0001c9d0                am_hal_timer_clear
 .text.am_hal_timer_read
                0x0001ca38       0x24 ../../../../../../mcu/apollo4b/hal/mcu/gcc/bin/libam_hal.a(am_hal_timer.o)
                0x0001ca38                am_hal_timer_read
 .text.am_hal_timer_interrupt_enable
                0x0001ca5c       0x54 ../../../../../../mcu/apollo4b/hal/mcu/gcc/bin/libam_hal.a(am_hal_timer.o)
                0x0001ca5c                am_hal_timer_interrupt_enable
 .text.am_hal_timer_interrupt_status_get
                0x0001cab0       0x20 ../../../../../../mcu/apollo4b/hal/mcu/gcc/bin/libam_hal.a(am_hal_timer.o)
                0x0001cab0                am_hal_timer_interrupt_status_get
 .text.am_hal_timer_interrupt_clear
                0x0001cad0        0xc ../../../../../../mcu/apollo4b/hal/mcu/gcc/bin/libam_hal.a(am_hal_timer.o)
                0x0001cad0                am_hal_timer_interrupt_clear
 .text.am_hal_daxi_config
                0x0001cadc       0x28 ../../../../../../mcu/apollo4b/hal/mcu/gcc/bin/libam_hal.a(am_hal_cachectrl.o)
                0x0001cadc                am_hal_daxi_config
 .text.am_hal_daxi_control
                0x0001cb04       0x2c ../../../../../../mcu/apollo4b/hal/mcu/gcc/bin/libam_hal.a(am_hal_cachectrl.o)
                0x0001cb04                am_hal_daxi_control
 .text.am_hal_triple_read
                0x0001cb30       0x1c ../../../../../../mcu/apollo4b/hal/mcu/gcc/bin/libam_hal.a(am_hal_global.o)
                0x0001cb30                am_hal_triple_read
 .text.am_bsp_uart_string_print
                0x0001cb4c       0x50 ../../../../bsp/gcc/bin/libam_bsp.a(am_bsp.o)
                0x0001cb4c                am_bsp_uart_string_print
 .text.am_bsp_external_vdd18_switch
                0x0001cb9c       0x20 ../../../../bsp/gcc/bin/libam_bsp.a(am_bsp.o)
                0x0001cb9c                am_bsp_external_vdd18_switch
 .text.am_bsp_low_power_init
                0x0001cbbc       0x18 ../../../../bsp/gcc/bin/libam_bsp.a(am_bsp.o)
                0x0001cbbc                am_bsp_low_power_init
 .text.am_bsp_disp_spi_pins_enable
                0x0001cbd4       0x5c ../../../../bsp/gcc/bin/libam_bsp.a(am_bsp.o)
                0x0001cbd4                am_bsp_disp_spi_pins_enable
 .text.am_bsp_disp_qspi_pins_enable
                0x0001cc30       0x84 ../../../../bsp/gcc/bin/libam_bsp.a(am_bsp.o)
                0x0001cc30                am_bsp_disp_qspi_pins_enable
 .text.am_bsp_disp_dspi_pins_enable
                0x0001ccb4       0x68 ../../../../bsp/gcc/bin/libam_bsp.a(am_bsp.o)
                0x0001ccb4                am_bsp_disp_dspi_pins_enable
 .text.am_bsp_disp_dsi_pins_enable
                0x0001cd1c       0x24 ../../../../bsp/gcc/bin/libam_bsp.a(am_bsp.o)
                0x0001cd1c                am_bsp_disp_dsi_pins_enable
 .text.am_bsp_external_pwr_on
                0x0001cd40        0x4 ../../../../bsp/gcc/bin/libam_bsp.a(am_bsp.o)
                0x0001cd40                am_bsp_external_pwr_on
 .text.am_bsp_buffered_uart_printf_enable
                0x0001cd44       0xa0 ../../../../bsp/gcc/bin/libam_bsp.a(am_bsp.o)
                0x0001cd44                am_bsp_buffered_uart_printf_enable
 .text.am_bsp_debug_printf_enable
                0x0001cde4       0xf0 ../../../../bsp/gcc/bin/libam_bsp.a(am_bsp.o)
                0x0001cde4                am_bsp_debug_printf_enable
 .text.nema_cl_create_sized
                0x0001ced4       0x68 ../../../../../../third_party/ThinkSi/config/apollo4b_nemagfx/gcc/bin/lib_nema_apollo4b_nemagfx.a(nema_cmdlist.o)
                0x0001ced4                nema_cl_create_sized
 .text.nema_cl_create
                0x0001cf3c       0x80 ../../../../../../third_party/ThinkSi/config/apollo4b_nemagfx/gcc/bin/lib_nema_apollo4b_nemagfx.a(nema_cmdlist.o)
                0x0001cf3c                nema_cl_create
 .text.nema_cl_rewind
                0x0001cfbc       0x44 ../../../../../../third_party/ThinkSi/config/apollo4b_nemagfx/gcc/bin/lib_nema_apollo4b_nemagfx.a(nema_cmdlist.o)
                0x0001cfbc                nema_cl_rewind
 .text.nema_cl_bind
                0x0001d000       0x58 ../../../../../../third_party/ThinkSi/config/apollo4b_nemagfx/gcc/bin/lib_nema_apollo4b_nemagfx.a(nema_cmdlist.o)
                0x0001d000                nema_cl_bind
 .text.nema_cl_unbind
                0x0001d058       0x48 ../../../../../../third_party/ThinkSi/config/apollo4b_nemagfx/gcc/bin/lib_nema_apollo4b_nemagfx.a(nema_cmdlist.o)
                0x0001d058                nema_cl_unbind
 .text.nema_cl_get_bound
                0x0001d0a0        0xc ../../../../../../third_party/ThinkSi/config/apollo4b_nemagfx/gcc/bin/lib_nema_apollo4b_nemagfx.a(nema_cmdlist.o)
                0x0001d0a0                nema_cl_get_bound
 .text.nema_cl_submit_no_irq
                0x0001d0ac       0xc8 ../../../../../../third_party/ThinkSi/config/apollo4b_nemagfx/gcc/bin/lib_nema_apollo4b_nemagfx.a(nema_cmdlist.o)
                0x0001d0ac                nema_cl_submit_no_irq
 .text.nema_cl_get_space
                0x0001d174      0x1c0 ../../../../../../third_party/ThinkSi/config/apollo4b_nemagfx/gcc/bin/lib_nema_apollo4b_nemagfx.a(nema_cmdlist.o)
                0x0001d174                nema_cl_get_space
 .text.nema_cl_add_cmd
                0x0001d334      0x198 ../../../../../../third_party/ThinkSi/config/apollo4b_nemagfx/gcc/bin/lib_nema_apollo4b_nemagfx.a(nema_cmdlist.o)
                0x0001d334                nema_cl_add_cmd
 .text.nema_cl_submit
                0x0001d4cc       0x30 ../../../../../../third_party/ThinkSi/config/apollo4b_nemagfx/gcc/bin/lib_nema_apollo4b_nemagfx.a(nema_cmdlist.o)
                0x0001d4cc                nema_cl_submit
 .text.nema_cl_wait
                0x0001d4fc       0x20 ../../../../../../third_party/ThinkSi/config/apollo4b_nemagfx/gcc/bin/lib_nema_apollo4b_nemagfx.a(nema_cmdlist.o)
                0x0001d4fc                nema_cl_wait
 .text.nema_cl_branch
                0x0001d51c       0x5c ../../../../../../third_party/ThinkSi/config/apollo4b_nemagfx/gcc/bin/lib_nema_apollo4b_nemagfx.a(nema_cmdlist.o)
                0x0001d51c                nema_cl_branch
 .text.nema_cl_return
                0x0001d578       0x18 ../../../../../../third_party/ThinkSi/config/apollo4b_nemagfx/gcc/bin/lib_nema_apollo4b_nemagfx.a(nema_cmdlist.o)
                0x0001d578                nema_cl_return
 .text.nema_rb_init
                0x0001d590       0xa8 ../../../../../../third_party/ThinkSi/config/apollo4b_nemagfx/gcc/bin/lib_nema_apollo4b_nemagfx.a(nema_ringbuffer.o)
                0x0001d590                nema_rb_init
 .text.nema_rb_submit_cmdlist2
                0x0001d638      0x134 ../../../../../../third_party/ThinkSi/config/apollo4b_nemagfx/gcc/bin/lib_nema_apollo4b_nemagfx.a(nema_ringbuffer.o)
                0x0001d638                nema_rb_submit_cmdlist2
 .text.nema_rb_submit_cmdlist
                0x0001d76c        0x8 ../../../../../../third_party/ThinkSi/config/apollo4b_nemagfx/gcc/bin/lib_nema_apollo4b_nemagfx.a(nema_ringbuffer.o)
                0x0001d76c                nema_rb_submit_cmdlist
 .text.nema_rb_inline_cmd
                0x0001d774       0x98 ../../../../../../third_party/ThinkSi/config/apollo4b_nemagfx/gcc/bin/lib_nema_apollo4b_nemagfx.a(nema_ringbuffer.o)
                0x0001d774                nema_rb_inline_cmd
 .text.nema_rb_force_flush
                0x0001d80c      0x128 ../../../../../../third_party/ThinkSi/config/apollo4b_nemagfx/gcc/bin/lib_nema_apollo4b_nemagfx.a(nema_ringbuffer.o)
                0x0001d80c                nema_rb_force_flush
 .text.nema_rb_submit_cl_id
                0x0001d934       0x30 ../../../../../../third_party/ThinkSi/config/apollo4b_nemagfx/gcc/bin/lib_nema_apollo4b_nemagfx.a(nema_ringbuffer.o)
                0x0001d934                nema_rb_submit_cl_id
 .text.nema_blender_init
                0x0001d964       0x58 ../../../../../../third_party/ThinkSi/config/apollo4b_nemagfx/gcc/bin/lib_nema_apollo4b_nemagfx.a(nema_blender.o)
                0x0001d964                nema_blender_init
 *fill*         0x0001d9bc        0x4 
 .text.nema_set_blend
                0x0001d9c0      0x6e0 ../../../../../../third_party/ThinkSi/config/apollo4b_nemagfx/gcc/bin/lib_nema_apollo4b_nemagfx.a(nema_blender.o)
                0x0001d9c0                nema_set_blend
 .text.nema_set_const_color
                0x0001e0a0       0x24 ../../../../../../third_party/ThinkSi/config/apollo4b_nemagfx/gcc/bin/lib_nema_apollo4b_nemagfx.a(nema_blender.o)
                0x0001e0a0                nema_set_const_color
 .text.nema_init
                0x0001e0c4       0x9c ../../../../../../third_party/ThinkSi/config/apollo4b_nemagfx/gcc/bin/lib_nema_apollo4b_nemagfx.a(nema_graphics.o)
                0x0001e0c4                nema_init
 .text.nema_set_const_reg
                0x0001e160       0x10 ../../../../../../third_party/ThinkSi/config/apollo4b_nemagfx/gcc/bin/lib_nema_apollo4b_nemagfx.a(nema_graphics.o)
                0x0001e160                nema_set_const_reg
 .text.nema_set_clip
                0x0001e170       0x30 ../../../../../../third_party/ThinkSi/config/apollo4b_nemagfx/gcc/bin/lib_nema_apollo4b_nemagfx.a(nema_graphics.o)
                0x0001e170                nema_set_clip
 .text.nema_enable_gradient
                0x0001e1a0       0x2c ../../../../../../third_party/ThinkSi/config/apollo4b_nemagfx/gcc/bin/lib_nema_apollo4b_nemagfx.a(nema_graphics.o)
                0x0001e1a0                nema_enable_gradient
 .text.nema_stride_size
                0x0001e1cc       0x88 ../../../../../../third_party/ThinkSi/config/apollo4b_nemagfx/gcc/bin/lib_nema_apollo4b_nemagfx.a(nema_graphics.o)
                0x0001e1cc                nema_stride_size
 .text.nema_bind_src_tex
                0x0001e254       0x74 ../../../../../../third_party/ThinkSi/config/apollo4b_nemagfx/gcc/bin/lib_nema_apollo4b_nemagfx.a(nema_graphics.o)
                0x0001e254                nema_bind_src_tex
 .text.nema_bind_dst_tex
                0x0001e2c8      0x170 ../../../../../../third_party/ThinkSi/config/apollo4b_nemagfx/gcc/bin/lib_nema_apollo4b_nemagfx.a(nema_graphics.o)
                0x0001e2c8                nema_bind_dst_tex
 .text.nema_fill_rect
                0x0001e438       0x24 ../../../../../../third_party/ThinkSi/config/apollo4b_nemagfx/gcc/bin/lib_nema_apollo4b_nemagfx.a(nema_graphics.o)
                0x0001e438                nema_fill_rect
 .text.nema_blit
                0x0001e45c       0x34 ../../../../../../third_party/ThinkSi/config/apollo4b_nemagfx/gcc/bin/lib_nema_apollo4b_nemagfx.a(nema_graphics.o)
                0x0001e45c                nema_blit
 .text.nema_blit_quad_fit
                0x0001e490       0xb4 ../../../../../../third_party/ThinkSi/config/apollo4b_nemagfx/gcc/bin/lib_nema_apollo4b_nemagfx.a(nema_graphics.o)
                0x0001e490                nema_blit_quad_fit
 .text.nema_readHwConfig
                0x0001e544        0x8 ../../../../../../third_party/ThinkSi/config/apollo4b_nemagfx/gcc/bin/lib_nema_apollo4b_nemagfx.a(nema_programHW.o)
                0x0001e544                nema_readHwConfig
 .text.nema_enable_tiling
                0x0001e54c       0x28 ../../../../../../third_party/ThinkSi/config/apollo4b_nemagfx/gcc/bin/lib_nema_apollo4b_nemagfx.a(nema_programHW.o)
                0x0001e54c                nema_enable_tiling
 .text.nema_matmul_bypass
                0x0001e574       0x18 ../../../../../../third_party/ThinkSi/config/apollo4b_nemagfx/gcc/bin/lib_nema_apollo4b_nemagfx.a(nema_programHW.o)
                0x0001e574                nema_matmul_bypass
 .text.nema_set_matrix
                0x0001e58c      0x178 ../../../../../../third_party/ThinkSi/config/apollo4b_nemagfx/gcc/bin/lib_nema_apollo4b_nemagfx.a(nema_programHW.o)
                0x0001e58c                nema_set_matrix
 .text.nema_set_matrix_translate
                0x0001e704       0x30 ../../../../../../third_party/ThinkSi/config/apollo4b_nemagfx/gcc/bin/lib_nema_apollo4b_nemagfx.a(nema_programHW.o)
                0x0001e704                nema_set_matrix_translate
 .text.nema_load_frag_shader
                0x0001e734       0x30 ../../../../../../third_party/ThinkSi/config/apollo4b_nemagfx/gcc/bin/lib_nema_apollo4b_nemagfx.a(nema_programHW.o)
                0x0001e734                nema_load_frag_shader
 .text.nema_set_frag_ptr
                0x0001e764        0xc ../../../../../../third_party/ThinkSi/config/apollo4b_nemagfx/gcc/bin/lib_nema_apollo4b_nemagfx.a(nema_programHW.o)
                0x0001e764                nema_set_frag_ptr
 .text.nema_set_rop_blend_mode
                0x0001e770        0xc ../../../../../../third_party/ThinkSi/config/apollo4b_nemagfx/gcc/bin/lib_nema_apollo4b_nemagfx.a(nema_programHW.o)
                0x0001e770                nema_set_rop_blend_mode
 .text.nema_set_rop_const_color
                0x0001e77c        0xc ../../../../../../third_party/ThinkSi/config/apollo4b_nemagfx/gcc/bin/lib_nema_apollo4b_nemagfx.a(nema_programHW.o)
                0x0001e77c                nema_set_rop_const_color
 .text.nema_set_depth_ctrl
                0x0001e788        0xc ../../../../../../third_party/ThinkSi/config/apollo4b_nemagfx/gcc/bin/lib_nema_apollo4b_nemagfx.a(nema_programHW.o)
                0x0001e788                nema_set_depth_ctrl
 .text.nema_set_raster_color
                0x0001e794        0xc ../../../../../../third_party/ThinkSi/config/apollo4b_nemagfx/gcc/bin/lib_nema_apollo4b_nemagfx.a(nema_programHW.o)
                0x0001e794                nema_set_raster_color
 .text.nema_raster_rect
                0x0001e7a0       0x60 ../../../../../../third_party/ThinkSi/config/apollo4b_nemagfx/gcc/bin/lib_nema_apollo4b_nemagfx.a(nema_programHW.o)
                0x0001e7a0                nema_raster_rect
 .text.nema_raster_quad_fx
                0x0001e800       0x8c ../../../../../../third_party/ThinkSi/config/apollo4b_nemagfx/gcc/bin/lib_nema_apollo4b_nemagfx.a(nema_programHW.o)
                0x0001e800                nema_raster_quad_fx
 .text.nema_set_interrupt_ctrl
                0x0001e88c        0x8 ../../../../../../third_party/ThinkSi/config/apollo4b_nemagfx/gcc/bin/lib_nema_apollo4b_nemagfx.a(nema_programHW.o)
                0x0001e88c                nema_set_interrupt_ctrl
 .text.nema_sin
                0x0001e894       0x68 ../../../../../../third_party/ThinkSi/config/apollo4b_nemagfx/gcc/bin/lib_nema_apollo4b_nemagfx.a(nema_math.o)
                0x0001e894                nema_sin
 .text.nema_cos
                0x0001e8fc       0x74 ../../../../../../third_party/ThinkSi/config/apollo4b_nemagfx/gcc/bin/lib_nema_apollo4b_nemagfx.a(nema_math.o)
                0x0001e8fc                nema_cos
 .text.nema_f2fx
                0x0001e970       0x20 ../../../../../../third_party/ThinkSi/config/apollo4b_nemagfx/gcc/bin/lib_nema_apollo4b_nemagfx.a(nema_math.o)
                0x0001e970                nema_f2fx
 .text.nema_mat3x3_load_identity
                0x0001e990       0x1c ../../../../../../third_party/ThinkSi/config/apollo4b_nemagfx/gcc/bin/lib_nema_apollo4b_nemagfx.a(nema_matrix3x3.o)
                0x0001e990                nema_mat3x3_load_identity
 .text.nema_mat3x3_translate
                0x0001e9ac       0x70 ../../../../../../third_party/ThinkSi/config/apollo4b_nemagfx/gcc/bin/lib_nema_apollo4b_nemagfx.a(nema_matrix3x3.o)
                0x0001e9ac                nema_mat3x3_translate
 .text.nema_mat3x3_rotate
                0x0001ea1c       0x9c ../../../../../../third_party/ThinkSi/config/apollo4b_nemagfx/gcc/bin/lib_nema_apollo4b_nemagfx.a(nema_matrix3x3.o)
                0x0001ea1c                nema_mat3x3_rotate
 .text.nema_mat3x3_mul_vec
                0x0001eab8       0x70 ../../../../../../third_party/ThinkSi/config/apollo4b_nemagfx/gcc/bin/lib_nema_apollo4b_nemagfx.a(nema_matrix3x3.o)
                0x0001eab8                nema_mat3x3_mul_vec
 .text.nema_mat3x3_invert
                0x0001eb28      0x148 ../../../../../../third_party/ThinkSi/config/apollo4b_nemagfx/gcc/bin/lib_nema_apollo4b_nemagfx.a(nema_matrix3x3.o)
                0x0001eb28                nema_mat3x3_invert
 .text.nema_mat3x3_quad_to_rect
                0x0001ec70      0x1f4 ../../../../../../third_party/ThinkSi/config/apollo4b_nemagfx/gcc/bin/lib_nema_apollo4b_nemagfx.a(nema_matrix3x3.o)
                0x0001ec70                nema_mat3x3_quad_to_rect
 .text.nemadc_stride_size
                0x0001ee64       0x6c ../../../../../../third_party/ThinkSi/config/apollo4b_nemagfx/gcc/bin/lib_nema_apollo4b_nemagfx.a(nema_dc.o)
                0x0001ee64                nemadc_stride_size
 .text.nemadc_init
                0x0001eed0       0x74 ../../../../../../third_party/ThinkSi/config/apollo4b_nemagfx/gcc/bin/lib_nema_apollo4b_nemagfx.a(nema_dc.o)
                0x0001eed0                nemadc_init
 .text.nemadc_timing
                0x0001ef44       0x80 ../../../../../../third_party/ThinkSi/config/apollo4b_nemagfx/gcc/bin/lib_nema_apollo4b_nemagfx.a(nema_dc.o)
                0x0001ef44                nemadc_timing
 .text.nemadc_set_mode
                0x0001efc4        0x8 ../../../../../../third_party/ThinkSi/config/apollo4b_nemagfx/gcc/bin/lib_nema_apollo4b_nemagfx.a(nema_dc.o)
                0x0001efc4                nemadc_set_mode
 .text.nemadc_set_layer_no_scale
                0x0001efcc      0x32c ../../../../../../third_party/ThinkSi/config/apollo4b_nemagfx/gcc/bin/lib_nema_apollo4b_nemagfx.a(nema_dc.o)
                0x0001efcc                nemadc_set_layer_no_scale
 .text.nemadc_set_layer
                0x0001f2f8      0x5f4 ../../../../../../third_party/ThinkSi/config/apollo4b_nemagfx/gcc/bin/lib_nema_apollo4b_nemagfx.a(nema_dc.o)
                0x0001f2f8                nemadc_set_layer
 .text.nemadc_set_layer_addr
                0x0001f8ec        0x8 ../../../../../../third_party/ThinkSi/config/apollo4b_nemagfx/gcc/bin/lib_nema_apollo4b_nemagfx.a(nema_dc.o)
                0x0001f8ec                nemadc_set_layer_addr
 .text.nemadc_clkdiv
                0x0001f8f4       0x50 ../../../../../../third_party/ThinkSi/config/apollo4b_nemagfx/gcc/bin/lib_nema_apollo4b_nemagfx.a(nema_dc.o)
                0x0001f8f4                nemadc_clkdiv
 .text.nemadc_clkctrl
                0x0001f944        0x8 ../../../../../../third_party/ThinkSi/config/apollo4b_nemagfx/gcc/bin/lib_nema_apollo4b_nemagfx.a(nema_dc.o)
                0x0001f944                nemadc_clkctrl
 .text.nemadc_MIPI_out
                0x0001f94c       0x1c ../../../../../../third_party/ThinkSi/config/apollo4b_nemagfx/gcc/bin/lib_nema_apollo4b_nemagfx.a(nema_dc_mipi.o)
                0x0001f94c                nemadc_MIPI_out
 .text.nemadc_MIPI_CFG_out
                0x0001f968       0x1c ../../../../../../third_party/ThinkSi/config/apollo4b_nemagfx/gcc/bin/lib_nema_apollo4b_nemagfx.a(nema_dc_mipi.o)
                0x0001f968                nemadc_MIPI_CFG_out
 .text.tsi_malloc_init_pool
                0x0001f984       0x50 ../../../../../../third_party/ThinkSi/config/apollo4b_nemagfx/gcc/bin/lib_nema_apollo4b_nemagfx.a(tsi_malloc.o)
                0x0001f984                tsi_malloc_init_pool
 .text.tsi_malloc_pool
                0x0001f9d4       0x8c ../../../../../../third_party/ThinkSi/config/apollo4b_nemagfx/gcc/bin/lib_nema_apollo4b_nemagfx.a(tsi_malloc.o)
                0x0001f9d4                tsi_malloc_pool
 .text.tsi_free
                0x0001fa60       0xd4 ../../../../../../third_party/ThinkSi/config/apollo4b_nemagfx/gcc/bin/lib_nema_apollo4b_nemagfx.a(tsi_malloc.o)
                0x0001fa60                tsi_free
 .text.am_hal_rtc_osc_disable
                0x0001fb34       0x14 ../../../../../../mcu/apollo4b/hal/mcu/gcc/bin/libam_hal.a(am_hal_rtc.o)
                0x0001fb34                am_hal_rtc_osc_disable
 .text.am_hal_tpiu_enable
                0x0001fb48       0x44 ../../../../../../mcu/apollo4b/hal/mcu/gcc/bin/libam_hal.a(am_hal_tpiu.o)
                0x0001fb48                am_hal_tpiu_enable
 .text.am_hal_uart_initialize
                0x0001fb8c       0x70 ../../../../../../mcu/apollo4b/hal/mcu/gcc/bin/libam_hal.a(am_hal_uart.o)
                0x0001fb8c                am_hal_uart_initialize
 .text.am_hal_uart_power_control
                0x0001fbfc       0xa8 ../../../../../../mcu/apollo4b/hal/mcu/gcc/bin/libam_hal.a(am_hal_uart.o)
                0x0001fbfc                am_hal_uart_power_control
 .text.am_hal_uart_buffer_configure
                0x0001fca4       0xb8 ../../../../../../mcu/apollo4b/hal/mcu/gcc/bin/libam_hal.a(am_hal_uart.o)
                0x0001fca4                am_hal_uart_buffer_configure
 .text.am_hal_uart_configure
                0x0001fd5c      0x168 ../../../../../../mcu/apollo4b/hal/mcu/gcc/bin/libam_hal.a(am_hal_uart.o)
                0x0001fd5c                am_hal_uart_configure
 .text.am_hal_uart_transfer
                0x0001fec4      0x430 ../../../../../../mcu/apollo4b/hal/mcu/gcc/bin/libam_hal.a(am_hal_uart.o)
                0x0001fec4                am_hal_uart_transfer
 .text.am_hal_dcu_get
                0x000202f4       0xa4 ../../../../../../mcu/apollo4b/hal/mcu/gcc/bin/libam_hal.a(am_hal_dcu.o)
                0x000202f4                am_hal_dcu_get
 .text.am_hal_dcu_update
                0x00020398       0xf0 ../../../../../../mcu/apollo4b/hal/mcu/gcc/bin/libam_hal.a(am_hal_dcu.o)
                0x00020398                am_hal_dcu_update
 .text.am_hal_queue_init
                0x00020488       0x18 ../../../../../../mcu/apollo4b/hal/mcu/gcc/bin/libam_hal.a(am_hal_queue.o)
                0x00020488                am_hal_queue_init
 .text.am_hal_queue_item_add
                0x000204a0       0x70 ../../../../../../mcu/apollo4b/hal/mcu/gcc/bin/libam_hal.a(am_hal_queue.o)
                0x000204a0                am_hal_queue_item_add
 .text.am_hal_queue_item_get
                0x00020510       0x70 ../../../../../../mcu/apollo4b/hal/mcu/gcc/bin/libam_hal.a(am_hal_queue.o)
                0x00020510                am_hal_queue_item_get
 *(.rodata)
 .rodata        0x00020580        0xc bin/nema_utils.o
 .rodata        0x0002058c       0x86 bin/nemagfx_watchface.o
 *fill*         0x00020612        0x2 
 .rodata        0x00020614       0x10 ../../../../../../third_party/ThinkSi/config/apollo4b_nemagfx/gcc/bin/lib_nema_apollo4b_nemagfx.a(nema_blender.o)
 *(.rodata*)
 .rodata.__1_rgba
                0x00020624     0x23c0 bin/watch.o
                0x00020624                __1_rgba
 .rodata.ui32MCUAllowed
                0x000229e4       0x14 bin/am_resources.o
                0x000229e4                ui32MCUAllowed
 .rodata.ui32DSP0Allowed
                0x000229f8       0x14 bin/am_resources.o
                0x000229f8                ui32DSP0Allowed
 .rodata.ui32DSP1Allowed
                0x00022a0c       0x14 bin/am_resources.o
                0x00022a0c                ui32DSP1Allowed
 .rodata.ui32SharedAccess
                0x00022a20       0x14 bin/am_resources.o
                0x00022a20                ui32SharedAccess
 .rodata.sGlobalAccess
                0x00022a34       0x1c bin/am_resources.o
                0x00022a34                sGlobalAccess
 .rodata.am_hal_gpio_pincfg_output
                0x00022a50        0x4 ../../../../../../mcu/apollo4b/hal/mcu/gcc/bin/libam_hal.a(am_hal_gpio.o)
                0x00022a50                am_hal_gpio_pincfg_output
 .rodata.g_ui32DSpintbl
                0x00022a54       0x10 ../../../../../../mcu/apollo4b/hal/mcu/gcc/bin/libam_hal.a(am_hal_gpio.o)
 .rodata.am_hal_pwrctrl_peripheral_control
                0x00022a64      0x230 ../../../../../../mcu/apollo4b/hal/mcu/gcc/bin/libam_hal.a(am_hal_pwrctrl.o)
                0x00022a64                am_hal_pwrctrl_peripheral_control
 .rodata.g_am_hal_bootrom_helper
                0x00022c94       0x28 ../../../../../../mcu/apollo4b/hal/mcu/gcc/bin/libam_hal.a(am_hal_bootrom_helper.o)
                0x00022c94                g_am_hal_bootrom_helper
 .rodata.am_hal_daxi_defaults
                0x00022cbc        0x3 ../../../../../../mcu/apollo4b/hal/mcu/gcc/bin/libam_hal.a(am_hal_cachectrl.o)
                0x00022cbc                am_hal_daxi_defaults
 *fill*         0x00022cbf        0x1 
 .rodata.g_sBspUartConfig
                0x00022cc0        0xc ../../../../bsp/gcc/bin/libam_bsp.a(am_bsp.o)
 .rodata.PRE_TEX
                0x00022ccc       0x10 ../../../../../../third_party/ThinkSi/config/apollo4b_nemagfx/gcc/bin/lib_nema_apollo4b_nemagfx.a(nema_blender.o)
 .rodata.bl_a1.6838
                0x00022cdc       0x30 ../../../../../../third_party/ThinkSi/config/apollo4b_nemagfx/gcc/bin/lib_nema_apollo4b_nemagfx.a(nema_blender.o)
 .rodata.bl_r1.6837
                0x00022d0c       0x30 ../../../../../../third_party/ThinkSi/config/apollo4b_nemagfx/gcc/bin/lib_nema_apollo4b_nemagfx.a(nema_blender.o)
 .rodata.CSWTCH.20
                0x00022d3c       0x39 ../../../../../../third_party/ThinkSi/config/apollo4b_nemagfx/gcc/bin/lib_nema_apollo4b_nemagfx.a(nema_graphics.o)
                0x00022d78                . = ALIGN (0x4)
 *fill*         0x00022d75        0x3 
                0x00022d78                _etext = .

.glue_7         0x00022d78        0x0
 .glue_7        0x00022d78        0x0 linker stubs

.glue_7t        0x00022d78        0x0
 .glue_7t       0x00022d78        0x0 linker stubs

.vfp11_veneer   0x00022d78        0x0
 .vfp11_veneer  0x00022d78        0x0 linker stubs

.v4_bx          0x00022d78        0x0
 .v4_bx         0x00022d78        0x0 linker stubs

.iplt           0x00022d78        0x0
 .iplt          0x00022d78        0x0 bin/main.o

.rel.dyn        0x00022d78        0x0
 .rel.iplt      0x00022d78        0x0 bin/main.o

.stack          0x10000000     0x2b00
                0x10000000                . = ALIGN (0x8)
 *(.stack)
 .stack         0x10000000     0x2b00 bin/startup_gcc.o
 *(.stack*)
                0x10002b00                . = ALIGN (0x8)

.heap           0x10002b00        0x0
                0x10002b00                __heap_start__ = .
                0x10002b00                end = __heap_start__
                0x10002b00                _end = end
                0x10002b00                __end = end
 *(.heap)
                0x10002b00                __heap_end__ = .
                0x10002b00                __HeapLimit = __heap_end__

.data           0x10002b00    0x2d450 load address 0x00022d78
                0x10002b00                . = ALIGN (0x4)
                0x10002b00                _sdata = .
 *(.data)
 *(.data*)
 .data.cur_fb   0x10002b00        0x4 bin/main.o
 .data.__0_l8   0x10002b04    0x25224 bin/watch.o
                0x10002b04                __0_l8
 .data.__0_l8_len
                0x10027d28        0x4 bin/watch.o
                0x10027d28                __0_l8_len
 .data.__1_rgba_len
                0x10027d2c        0x4 bin/watch.o
                0x10027d2c                __1_rgba_len
 .data.__2_rgba
                0x10027d30     0x42f0 bin/watch.o
                0x10027d30                __2_rgba
 .data.__2_rgba_len
                0x1002c020        0x4 bin/watch.o
                0x1002c020                __2_rgba_len
 .data.__3_rgba
                0x1002c024     0x3d98 bin/watch.o
                0x1002c024                __3_rgba
 .data.__3_rgba_len
                0x1002fdbc        0x4 bin/watch.o
                0x1002fdbc                __3_rgba_len
 .data.backface
                0x1002fdc0       0x20 bin/watch.o
 .data.hour_h   0x1002fde0       0x20 bin/watch.o
 .data.min_h    0x1002fe00       0x20 bin/watch.o
 .data.ssec_h   0x1002fe20       0x20 bin/watch.o
 .data.last_cl_id
                0x1002fe40        0x4 bin/nema_hal.o
 .data.storeAndWFIfuncRAM
                0x1002fe44        0x4 ../../../../../../mcu/apollo4b/hal/mcu/gcc/bin/libam_hal.a(am_hal_pwrctrl.o)
                0x1002fe44                storeAndWFIfuncRAM
 *fill*         0x1002fe48        0x8 
 .data.storeAndWFIRAM
                0x1002fe50       0x20 ../../../../../../mcu/apollo4b/hal/mcu/gcc/bin/libam_hal.a(am_hal_pwrctrl.o)
 .data.g_eDispType
                0x1002fe70        0x1 ../../../../bsp/gcc/bin/libam_bsp.a(am_bsp.o)
                0x1002fe70                g_eDispType
 *fill*         0x1002fe71        0x3 
 .data.g_sDispCfg
                0x1002fe74       0x54 ../../../../bsp/gcc/bin/libam_bsp.a(am_bsp.o)
                0x1002fe74                g_sDispCfg
 .data.g_sDsiCfg
                0x1002fec8        0x3 ../../../../bsp/gcc/bin/libam_bsp.a(am_bsp.o)
                0x1002fec8                g_sDsiCfg
 *fill*         0x1002fecb        0x1 
 .data.g_AM_BSP_GPIO_COM_UART_RX
                0x1002fecc        0x4 ../../../../bsp/gcc/bin/libam_bsp.a(am_bsp_pins.o)
                0x1002fecc                g_AM_BSP_GPIO_COM_UART_RX
 .data.g_AM_BSP_GPIO_COM_UART_TX
                0x1002fed0        0x4 ../../../../bsp/gcc/bin/libam_bsp.a(am_bsp_pins.o)
                0x1002fed0                g_AM_BSP_GPIO_COM_UART_TX
 .data.g_AM_BSP_GPIO_DISP_DSI_RES
                0x1002fed4        0x4 ../../../../bsp/gcc/bin/libam_bsp.a(am_bsp_pins.o)
                0x1002fed4                g_AM_BSP_GPIO_DISP_DSI_RES
 .data.g_AM_BSP_GPIO_DISP_DSI_TE
                0x1002fed8        0x4 ../../../../bsp/gcc/bin/libam_bsp.a(am_bsp_pins.o)
                0x1002fed8                g_AM_BSP_GPIO_DISP_DSI_TE
 .data.g_AM_BSP_GPIO_DISP_DSPI_CS
                0x1002fedc        0x4 ../../../../bsp/gcc/bin/libam_bsp.a(am_bsp_pins.o)
                0x1002fedc                g_AM_BSP_GPIO_DISP_DSPI_CS
 .data.g_AM_BSP_GPIO_DISP_DSPI_D0
                0x1002fee0        0x4 ../../../../bsp/gcc/bin/libam_bsp.a(am_bsp_pins.o)
                0x1002fee0                g_AM_BSP_GPIO_DISP_DSPI_D0
 .data.g_AM_BSP_GPIO_DISP_DSPI_D1
                0x1002fee4        0x4 ../../../../bsp/gcc/bin/libam_bsp.a(am_bsp_pins.o)
                0x1002fee4                g_AM_BSP_GPIO_DISP_DSPI_D1
 .data.g_AM_BSP_GPIO_DISP_DSPI_DEVICE_EN
                0x1002fee8        0x4 ../../../../bsp/gcc/bin/libam_bsp.a(am_bsp_pins.o)
                0x1002fee8                g_AM_BSP_GPIO_DISP_DSPI_DEVICE_EN
 .data.g_AM_BSP_GPIO_DISP_DSPI_RES
                0x1002feec        0x4 ../../../../bsp/gcc/bin/libam_bsp.a(am_bsp_pins.o)
                0x1002feec                g_AM_BSP_GPIO_DISP_DSPI_RES
 .data.g_AM_BSP_GPIO_DISP_DSPI_SCK
                0x1002fef0        0x4 ../../../../bsp/gcc/bin/libam_bsp.a(am_bsp_pins.o)
                0x1002fef0                g_AM_BSP_GPIO_DISP_DSPI_SCK
 .data.g_AM_BSP_GPIO_DISP_DSPI_TE
                0x1002fef4        0x4 ../../../../bsp/gcc/bin/libam_bsp.a(am_bsp_pins.o)
                0x1002fef4                g_AM_BSP_GPIO_DISP_DSPI_TE
 .data.g_AM_BSP_GPIO_DISP_QSPI_CS
                0x1002fef8        0x4 ../../../../bsp/gcc/bin/libam_bsp.a(am_bsp_pins.o)
                0x1002fef8                g_AM_BSP_GPIO_DISP_QSPI_CS
 .data.g_AM_BSP_GPIO_DISP_QSPI_D0
                0x1002fefc        0x4 ../../../../bsp/gcc/bin/libam_bsp.a(am_bsp_pins.o)
                0x1002fefc                g_AM_BSP_GPIO_DISP_QSPI_D0
 .data.g_AM_BSP_GPIO_DISP_QSPI_D1
                0x1002ff00        0x4 ../../../../bsp/gcc/bin/libam_bsp.a(am_bsp_pins.o)
                0x1002ff00                g_AM_BSP_GPIO_DISP_QSPI_D1
 .data.g_AM_BSP_GPIO_DISP_QSPI_D2
                0x1002ff04        0x4 ../../../../bsp/gcc/bin/libam_bsp.a(am_bsp_pins.o)
                0x1002ff04                g_AM_BSP_GPIO_DISP_QSPI_D2
 .data.g_AM_BSP_GPIO_DISP_QSPI_D3
                0x1002ff08        0x4 ../../../../bsp/gcc/bin/libam_bsp.a(am_bsp_pins.o)
                0x1002ff08                g_AM_BSP_GPIO_DISP_QSPI_D3
 .data.g_AM_BSP_GPIO_DISP_QSPI_DEVICE_EN
                0x1002ff0c        0x4 ../../../../bsp/gcc/bin/libam_bsp.a(am_bsp_pins.o)
                0x1002ff0c                g_AM_BSP_GPIO_DISP_QSPI_DEVICE_EN
 .data.g_AM_BSP_GPIO_DISP_QSPI_RES
                0x1002ff10        0x4 ../../../../bsp/gcc/bin/libam_bsp.a(am_bsp_pins.o)
                0x1002ff10                g_AM_BSP_GPIO_DISP_QSPI_RES
 .data.g_AM_BSP_GPIO_DISP_QSPI_SCK
                0x1002ff14        0x4 ../../../../bsp/gcc/bin/libam_bsp.a(am_bsp_pins.o)
                0x1002ff14                g_AM_BSP_GPIO_DISP_QSPI_SCK
 .data.g_AM_BSP_GPIO_DISP_QSPI_TE
                0x1002ff18        0x4 ../../../../bsp/gcc/bin/libam_bsp.a(am_bsp_pins.o)
                0x1002ff18                g_AM_BSP_GPIO_DISP_QSPI_TE
 .data.g_AM_BSP_GPIO_DISP_SPI_CS
                0x1002ff1c        0x4 ../../../../bsp/gcc/bin/libam_bsp.a(am_bsp_pins.o)
                0x1002ff1c                g_AM_BSP_GPIO_DISP_SPI_CS
 .data.g_AM_BSP_GPIO_DISP_SPI_DCX
                0x1002ff20        0x4 ../../../../bsp/gcc/bin/libam_bsp.a(am_bsp_pins.o)
                0x1002ff20                g_AM_BSP_GPIO_DISP_SPI_DCX
 .data.g_AM_BSP_GPIO_DISP_SPI_RES
                0x1002ff24        0x4 ../../../../bsp/gcc/bin/libam_bsp.a(am_bsp_pins.o)
                0x1002ff24                g_AM_BSP_GPIO_DISP_SPI_RES
 .data.g_AM_BSP_GPIO_DISP_SPI_SCK
                0x1002ff28        0x4 ../../../../bsp/gcc/bin/libam_bsp.a(am_bsp_pins.o)
                0x1002ff28                g_AM_BSP_GPIO_DISP_SPI_SCK
 .data.g_AM_BSP_GPIO_DISP_SPI_SD
                0x1002ff2c        0x4 ../../../../bsp/gcc/bin/libam_bsp.a(am_bsp_pins.o)
                0x1002ff2c                g_AM_BSP_GPIO_DISP_SPI_SD
 .data.g_AM_BSP_GPIO_DISP_SPI_TE
                0x1002ff30        0x4 ../../../../bsp/gcc/bin/libam_bsp.a(am_bsp_pins.o)
                0x1002ff30                g_AM_BSP_GPIO_DISP_SPI_TE
 .data.g_AM_BSP_GPIO_VDD18_SWITCH
                0x1002ff34        0x4 ../../../../bsp/gcc/bin/libam_bsp.a(am_bsp_pins.o)
                0x1002ff34                g_AM_BSP_GPIO_VDD18_SWITCH
 .data.gDcuEnable
                0x1002ff38        0x8 ../../../../../../mcu/apollo4b/hal/mcu/gcc/bin/libam_hal.a(am_hal_dcu.o)
                0x1002ff38                gDcuEnable
 .data.gDcuDisable
                0x1002ff40        0x8 ../../../../../../mcu/apollo4b/hal/mcu/gcc/bin/libam_hal.a(am_hal_dcu.o)
                0x1002ff40                gDcuDisable
 .data.gpDcuLock
                0x1002ff48        0x4 ../../../../../../mcu/apollo4b/hal/mcu/gcc/bin/libam_hal.a(am_hal_dcu.o)
                0x1002ff48                gpDcuLock
 .data.gpDcuEnable
                0x1002ff4c        0x4 ../../../../../../mcu/apollo4b/hal/mcu/gcc/bin/libam_hal.a(am_hal_dcu.o)
                0x1002ff4c                gpDcuEnable
                0x1002ff50                . = ALIGN (0x4)
                0x1002ff50                _edata = .
                0x00022d78                _init_data = LOADADDR (.data)

.igot.plt       0x1002ff50        0x0 load address 0x000501c8
 .igot.plt      0x1002ff50        0x0 bin/main.o

.bss            0x1002ff50      0xf78 load address 0x000501c8
                0x1002ff50                . = ALIGN (0x4)
                0x1002ff50                _sbss = .
 *(.bss)
 *(.bss*)
 .bss.triple_fbs
                0x1002ff50        0xc bin/main.o
 .bss.layer     0x1002ff5c       0x80 bin/main.o
                0x1002ff5c                layer
 .bss.cl        0x1002ffdc       0x28 bin/main.o
 .bss.wf_cl     0x10030004       0x28 bin/watch.o
 .bss.draw_bf   0x1003002c        0x4 bin/watch.o
 .bss.tex_bf    0x10030030        0x4 bin/watch.o
 .bss.bf_color  0x10030034        0x4 bin/watch.o
 .bss.g_lastSTimerVal
                0x10030038        0x4 bin/port.o
 .bss.ulTimerCountsForOneTick
                0x1003003c        0x4 bin/port.o
                0x1003003c                ulTimerCountsForOneTick
 .bss.gNumCmpB  0x10030040        0x4 bin/port.o
                0x10030040                gNumCmpB
 .bss.nemadc_regs
                0x10030044        0x4 bin/nema_dc_hal.o
 .bss.irq_count
                0x10030048        0x4 bin/nema_dc_hal.o
                0x10030048                irq_count
 .bss.nema_dc_interrupt_callback
                0x1003004c        0x4 bin/nema_dc_hal.o
                0x1003004c                nema_dc_interrupt_callback
 .bss.ring_buffer_str
                0x10030050       0x18 bin/nema_hal.o
 .bss.count_last.55635
                0x10030068        0x4 bin/nema_utils.o
 .bss.last_sec.55636
                0x1003006c        0x4 bin/nema_utils.o
 .bss.frame.55664
                0x10030070        0x4 bin/nema_utils.o
 .bss.stop_time.55666
                0x10030074        0x4 bin/nema_utils.o
 .bss.start_time.55665
                0x10030078        0x4 bin/nema_utils.o
 .bss.bFlag.55676
                0x1003007c        0x1 bin/nema_utils.o
 *fill*         0x1003007d        0x3 
 .bss.sCL.55675
                0x10030080       0x28 bin/nema_utils.o
 .bss.pxCurrentTCB
                0x100300a8        0x4 bin/tasks.o
                0x100300a8                pxCurrentTCB
 .bss.pxReadyTasksLists
                0x100300ac       0x50 bin/tasks.o
 .bss.pxDelayedTaskList
                0x100300fc        0x4 bin/tasks.o
 .bss.pxOverflowDelayedTaskList
                0x10030100        0x4 bin/tasks.o
 .bss.xTickCount
                0x10030104        0x4 bin/tasks.o
 .bss.uxTopReadyPriority
                0x10030108        0x4 bin/tasks.o
 .bss.uxPendedTicks
                0x1003010c        0x4 bin/tasks.o
 .bss.xYieldPending
                0x10030110        0x4 bin/tasks.o
 .bss.xNumOfOverflows
                0x10030114        0x4 bin/tasks.o
 .bss.xNextTaskUnblockTime
                0x10030118        0x4 bin/tasks.o
 .bss.uxSchedulerSuspended
                0x1003011c        0x4 bin/tasks.o
 .bss.g_prfbuf  0x10030120      0x100 bin/am_util_stdio.o
 .bss.g_bTxtXlate
                0x10030220        0x1 bin/am_util_stdio.o
 *fill*         0x10030221        0x3 
 .bss.g_WaitTimerDuration
                0x10030224        0x4 ../../../../../../mcu/apollo4b/hal/mcu/gcc/bin/libam_hal.a(am_hal_pwrctrl.o)
 .bss.TimerFlags
                0x10030228       0x40 ../../../../../../mcu/apollo4b/hal/mcu/gcc/bin/libam_hal.a(am_hal_timer.o)
 .bss.g_ePrintInterface
                0x10030268        0x1 ../../../../bsp/gcc/bin/libam_bsp.a(am_bsp.o)
 *fill*         0x10030269        0x3 
 .bss.g_sCOMUART
                0x1003026c        0x4 ../../../../bsp/gcc/bin/libam_bsp.a(am_bsp.o)
 .bss.pui8UartRxBuffer
                0x10030270      0x400 ../../../../bsp/gcc/bin/libam_bsp.a(am_bsp.o)
 .bss.pui8UartTxBuffer
                0x10030670      0x400 ../../../../bsp/gcc/bin/libam_bsp.a(am_bsp.o)
 .bss.g_AM_BSP_GPIO_ITM_SWO
                0x10030a70        0x4 ../../../../bsp/gcc/bin/libam_bsp.a(am_bsp_pins.o)
                0x10030a70                g_AM_BSP_GPIO_ITM_SWO
 .bss.bound_cl  0x10030a74        0x4 ../../../../../../third_party/ThinkSi/config/apollo4b_nemagfx/gcc/bin/lib_nema_apollo4b_nemagfx.a(nema_cmdlist.o)
 .bss.ring      0x10030a78        0x4 ../../../../../../third_party/ThinkSi/config/apollo4b_nemagfx/gcc/bin/lib_nema_apollo4b_nemagfx.a(nema_ringbuffer.o)
 .bss.ring_base_phys
                0x10030a7c        0x4 ../../../../../../third_party/ThinkSi/config/apollo4b_nemagfx/gcc/bin/lib_nema_apollo4b_nemagfx.a(nema_ringbuffer.o)
 .bss.ring_base_virt
                0x10030a80        0x4 ../../../../../../third_party/ThinkSi/config/apollo4b_nemagfx/gcc/bin/lib_nema_apollo4b_nemagfx.a(nema_ringbuffer.o)
 .bss.ring_size
                0x10030a84        0x4 ../../../../../../third_party/ThinkSi/config/apollo4b_nemagfx/gcc/bin/lib_nema_apollo4b_nemagfx.a(nema_ringbuffer.o)
 .bss.ring_size_bytes
                0x10030a88        0x4 ../../../../../../third_party/ThinkSi/config/apollo4b_nemagfx/gcc/bin/lib_nema_apollo4b_nemagfx.a(nema_ringbuffer.o)
 .bss.debug_overdraws
                0x10030a8c        0x1 ../../../../../../third_party/ThinkSi/config/apollo4b_nemagfx/gcc/bin/lib_nema_apollo4b_nemagfx.a(nema_blender.o)
 .bss.rop_blender
                0x10030a8d        0x1 ../../../../../../third_party/ThinkSi/config/apollo4b_nemagfx/gcc/bin/lib_nema_apollo4b_nemagfx.a(nema_blender.o)
 *fill*         0x10030a8e        0x2 
 .bss.nemadc_config
                0x10030a90        0x4 ../../../../../../third_party/ThinkSi/config/apollo4b_nemagfx/gcc/bin/lib_nema_apollo4b_nemagfx.a(nema_dc.o)
 .bss.nemadc_display
                0x10030a94       0x20 ../../../../../../third_party/ThinkSi/config/apollo4b_nemagfx/gcc/bin/lib_nema_apollo4b_nemagfx.a(nema_dc.o)
 .bss.pools     0x10030ab4       0x50 ../../../../../../third_party/ThinkSi/config/apollo4b_nemagfx/gcc/bin/lib_nema_apollo4b_nemagfx.a(tsi_malloc.o)
 .bss.gStartOff
                0x10030b04        0x4 ../../../../../../mcu/apollo4b/hal/mcu/gcc/bin/libam_hal.a(am_hal_dcu.o)
                0x10030b04                gStartOff
 *(COMMON)
 COMMON         0x10030b08       0x4c bin/main.o
                0x10030b08                fb
                0x10030b48                cur_fb_base_phys
                0x10030b4c                end_time
                0x10030b50                start_time
 COMMON         0x10030b54        0x4 bin/am_util_stdio.o
                0x10030b54                g_pfnCharPrint
 COMMON         0x10030b58        0x4 ../../../../../../mcu/apollo4b/hal/mcu/gcc/bin/libam_hal.a(am_hal_dsi.o)
                0x10030b58                external_vdd18_callback
 COMMON         0x10030b5c       0xbc ../../../../../../third_party/ThinkSi/config/apollo4b_nemagfx/gcc/bin/lib_nema_apollo4b_nemagfx.a(nema_programHW.o)
                0x10030b5c                nema_context
 COMMON         0x10030c18      0x2b0 ../../../../../../mcu/apollo4b/hal/mcu/gcc/bin/libam_hal.a(am_hal_uart.o)
                0x10030c18                g_am_hal_uart_states
                0x10030ec8                . = ALIGN (0x4)
                0x10030ec8                _ebss = .

.mcu_sram       0x00000000        0x0 load address 0x000501c8
                0x00000000                . = ALIGN (0x4)
 *(.mcu_sram)
                0x00000000                . = ALIGN (0x4)

.shared         0x10060000    0xf0044 load address 0x000501c8
                0x10060000                . = ALIGN (0x4)
 *(.resource_table)
 .resource_table
                0x10060000        0x4 bin/am_resources.o
                0x10060000                psGlobalAccessPtr
 *(.shared)
 *fill*         0x10060004        0x4 
 .shared        0x10060008    0xf0000 bin/nema_hal.o
 .shared        0x10150008       0x3c bin/am_resources.o
                0x10150008                ui32MCUClaimed
                0x1015001c                ui32DSP0Claimed
                0x10150030                ui32DSP1Claimed
                0x10150044                . = ALIGN (0x4)

.ARM.attributes
                0x00000000       0x37
 *(.ARM.attributes)
 .ARM.attributes
                0x00000000       0x39 bin/main.o
 .ARM.attributes
                0x00000039       0x39 bin/watch.o
 .ARM.attributes
                0x00000072       0x39 bin/port.o
 .ARM.attributes
                0x000000ab       0x39 bin/nema_dc_hal.o
 .ARM.attributes
                0x000000e4       0x39 bin/nema_hal.o
 .ARM.attributes
                0x0000011d       0x39 bin/nema_utils.o
 .ARM.attributes
                0x00000156       0x39 bin/am_resources.o
 .ARM.attributes
                0x0000018f       0x39 bin/nemagfx_watchface.o
 .ARM.attributes
                0x000001c8       0x39 bin/rtos.o
 .ARM.attributes
                0x00000201       0x39 bin/am_devices_dsi_rm67162.o
 .ARM.attributes
                0x0000023a       0x39 bin/am_devices_nemadc_rm67162.o
 .ARM.attributes
                0x00000273       0x39 bin/list.o
 .ARM.attributes
                0x000002ac       0x39 bin/tasks.o
 .ARM.attributes
                0x000002e5       0x39 bin/am_util_delay.o
 .ARM.attributes
                0x0000031e       0x39 bin/am_util_stdio.o
 .ARM.attributes
                0x00000357       0x39 bin/startup_gcc.o
 .ARM.attributes
                0x00000390       0x34 c:/gcc/7_2018q2/bin/../lib/gcc/arm-none-eabi/7.3.1/../../../../arm-none-eabi/lib/thumb/v7e-m/fpv4-sp/hard\libc.a(lib_a-memset.o)
 .ARM.attributes
                0x000003c4       0x22 c:/gcc/7_2018q2/bin/../lib/gcc/arm-none-eabi/7.3.1/thumb/v7e-m/fpv4-sp/hard\libgcc.a(_arm_addsubdf3.o)
 .ARM.attributes
                0x000003e6       0x22 c:/gcc/7_2018q2/bin/../lib/gcc/arm-none-eabi/7.3.1/thumb/v7e-m/fpv4-sp/hard\libgcc.a(_arm_truncdfsf2.o)
 .ARM.attributes
                0x00000408       0x39 ../../../../../../mcu/apollo4b/hal/mcu/gcc/bin/libam_hal.a(am_hal_clkgen.o)
 .ARM.attributes
                0x00000441       0x39 ../../../../../../mcu/apollo4b/hal/mcu/gcc/bin/libam_hal.a(am_hal_dsi.o)
 .ARM.attributes
                0x0000047a       0x39 ../../../../../../mcu/apollo4b/hal/mcu/gcc/bin/libam_hal.a(am_hal_interrupt.o)
 .ARM.attributes
                0x000004b3       0x39 ../../../../../../mcu/apollo4b/hal/mcu/gcc/bin/libam_hal.a(am_hal_itm.o)
 .ARM.attributes
                0x000004ec       0x39 ../../../../../../mcu/apollo4b/hal/mcu/gcc/bin/libam_hal.a(am_hal_utils.o)
 .ARM.attributes
                0x00000525       0x39 ../../../../../../mcu/apollo4b/hal/mcu/gcc/bin/libam_hal.a(am_hal_gpio.o)
 .ARM.attributes
                0x0000055e       0x39 ../../../../../../mcu/apollo4b/hal/mcu/gcc/bin/libam_hal.a(am_hal_pwrctrl.o)
 .ARM.attributes
                0x00000597       0x39 ../../../../../../mcu/apollo4b/hal/mcu/gcc/bin/libam_hal.a(am_hal_stimer.o)
 .ARM.attributes
                0x000005d0       0x39 ../../../../../../mcu/apollo4b/hal/mcu/gcc/bin/libam_hal.a(am_hal_timer.o)
 .ARM.attributes
                0x00000609       0x39 ../../../../../../mcu/apollo4b/hal/mcu/gcc/bin/libam_hal.a(am_hal_bootrom_helper.o)
 .ARM.attributes
                0x00000642       0x39 ../../../../../../mcu/apollo4b/hal/mcu/gcc/bin/libam_hal.a(am_hal_cachectrl.o)
 .ARM.attributes
                0x0000067b       0x39 ../../../../../../mcu/apollo4b/hal/mcu/gcc/bin/libam_hal.a(am_hal_global.o)
 .ARM.attributes
                0x000006b4       0x39 ../../../../bsp/gcc/bin/libam_bsp.a(am_bsp.o)
 .ARM.attributes
                0x000006ed       0x39 ../../../../bsp/gcc/bin/libam_bsp.a(am_bsp_pins.o)
 .ARM.attributes
                0x00000726       0x34 ../../../../../../third_party/ThinkSi/config/apollo4b_nemagfx/gcc/bin/lib_nema_apollo4b_nemagfx.a(nema_cmdlist.o)
 .ARM.attributes
                0x0000075a       0x34 ../../../../../../third_party/ThinkSi/config/apollo4b_nemagfx/gcc/bin/lib_nema_apollo4b_nemagfx.a(nema_ringbuffer.o)
 .ARM.attributes
                0x0000078e       0x34 ../../../../../../third_party/ThinkSi/config/apollo4b_nemagfx/gcc/bin/lib_nema_apollo4b_nemagfx.a(nema_blender.o)
 .ARM.attributes
                0x000007c2       0x34 ../../../../../../third_party/ThinkSi/config/apollo4b_nemagfx/gcc/bin/lib_nema_apollo4b_nemagfx.a(nema_graphics.o)
 .ARM.attributes
                0x000007f6       0x34 ../../../../../../third_party/ThinkSi/config/apollo4b_nemagfx/gcc/bin/lib_nema_apollo4b_nemagfx.a(nema_programHW.o)
 .ARM.attributes
                0x0000082a       0x34 ../../../../../../third_party/ThinkSi/config/apollo4b_nemagfx/gcc/bin/lib_nema_apollo4b_nemagfx.a(nema_math.o)
 .ARM.attributes
                0x0000085e       0x34 ../../../../../../third_party/ThinkSi/config/apollo4b_nemagfx/gcc/bin/lib_nema_apollo4b_nemagfx.a(nema_matrix3x3.o)
 .ARM.attributes
                0x00000892       0x34 ../../../../../../third_party/ThinkSi/config/apollo4b_nemagfx/gcc/bin/lib_nema_apollo4b_nemagfx.a(nema_dc.o)
 .ARM.attributes
                0x000008c6       0x34 ../../../../../../third_party/ThinkSi/config/apollo4b_nemagfx/gcc/bin/lib_nema_apollo4b_nemagfx.a(nema_dc_mipi.o)
 .ARM.attributes
                0x000008fa       0x34 ../../../../../../third_party/ThinkSi/config/apollo4b_nemagfx/gcc/bin/lib_nema_apollo4b_nemagfx.a(tsi_malloc.o)
 .ARM.attributes
                0x0000092e       0x39 ../../../../../../mcu/apollo4b/hal/mcu/gcc/bin/libam_hal.a(am_hal_rtc.o)
 .ARM.attributes
                0x00000967       0x39 ../../../../../../mcu/apollo4b/hal/mcu/gcc/bin/libam_hal.a(am_hal_tpiu.o)
 .ARM.attributes
                0x000009a0       0x39 ../../../../../../mcu/apollo4b/hal/mcu/gcc/bin/libam_hal.a(am_hal_uart.o)
 .ARM.attributes
                0x000009d9       0x39 ../../../../../../mcu/apollo4b/hal/mcu/gcc/bin/libam_hal.a(am_hal_dcu.o)
 .ARM.attributes
                0x00000a12       0x39 ../../../../../../mcu/apollo4b/hal/mcu/gcc/bin/libam_hal.a(am_hal_queue.o)
LOAD bin/main.o
LOAD bin/watch.o
LOAD bin/port.o
LOAD bin/nema_dc_hal.o
LOAD bin/nema_event.o
LOAD bin/nema_hal.o
LOAD bin/nema_utils.o
LOAD bin/am_resources.o
LOAD bin/gui_task.o
LOAD bin/nemagfx_watchface.o
LOAD bin/rtos.o
LOAD bin/am_devices_dsi_rm67162.o
LOAD bin/am_devices_nemadc_rm67162.o
LOAD bin/event_groups.o
LOAD bin/list.o
LOAD bin/queue.o
LOAD bin/tasks.o
LOAD bin/timers.o
LOAD bin/am_util_delay.o
LOAD bin/am_util_stdio.o
LOAD bin/heap_4.o
LOAD bin/startup_gcc.o
START GROUP
LOAD c:/gcc/7_2018q2/bin/../lib/gcc/arm-none-eabi/7.3.1/../../../../arm-none-eabi/lib/thumb/v7e-m/fpv4-sp/hard\libm.a
LOAD c:/gcc/7_2018q2/bin/../lib/gcc/arm-none-eabi/7.3.1/../../../../arm-none-eabi/lib/thumb/v7e-m/fpv4-sp/hard\libc.a
LOAD c:/gcc/7_2018q2/bin/../lib/gcc/arm-none-eabi/7.3.1/thumb/v7e-m/fpv4-sp/hard\libgcc.a
LOAD ../../../../../../mcu/apollo4b/hal/mcu/gcc/bin/libam_hal.a
LOAD ../../../../bsp/gcc/bin/libam_bsp.a
LOAD ../../../../../../third_party/ThinkSi/config/apollo4b_nemagfx/gcc/bin/lib_nema_apollo4b_nemagfx.a
END GROUP
START GROUP
LOAD c:/gcc/7_2018q2/bin/../lib/gcc/arm-none-eabi/7.3.1/thumb/v7e-m/fpv4-sp/hard\libgcc.a
LOAD c:/gcc/7_2018q2/bin/../lib/gcc/arm-none-eabi/7.3.1/../../../../arm-none-eabi/lib/thumb/v7e-m/fpv4-sp/hard\libc.a
END GROUP
OUTPUT(bin/nemagfx_watchface.axf elf32-littlearm)

.debug_info     0x00000000    0x38830
 .debug_info    0x00000000     0x2ace bin/main.o
 .debug_info    0x00002ace      0xe81 bin/watch.o
 .debug_info    0x0000394f     0x43fb bin/port.o
 .debug_info    0x00007d4a     0x3a60 bin/nema_dc_hal.o
 .debug_info    0x0000b7aa     0x39a2 bin/nema_hal.o
 .debug_info    0x0000f14c     0x5355 bin/nema_utils.o
 .debug_info    0x000144a1      0xf86 bin/am_resources.o
 .debug_info    0x00015427     0x2785 bin/nemagfx_watchface.o
 .debug_info    0x00017bac     0x243a bin/rtos.o
 .debug_info    0x00019fe6     0x68d1 bin/am_devices_dsi_rm67162.o
 .debug_info    0x000208b7     0x2104 bin/am_devices_nemadc_rm67162.o
 .debug_info    0x000229bb      0xaba bin/list.o
 .debug_info    0x00023475     0x1c73 bin/tasks.o
 .debug_info    0x000250e8      0x6fd bin/am_util_delay.o
 .debug_info    0x000257e5      0x9be bin/am_util_stdio.o
 .debug_info    0x000261a3      0x186 bin/startup_gcc.o
 .debug_info    0x00026329     0x2622 ../../../../../../third_party/ThinkSi/config/apollo4b_nemagfx/gcc/bin/lib_nema_apollo4b_nemagfx.a(nema_cmdlist.o)
 .debug_info    0x0002894b      0xfb9 ../../../../../../third_party/ThinkSi/config/apollo4b_nemagfx/gcc/bin/lib_nema_apollo4b_nemagfx.a(nema_ringbuffer.o)
 .debug_info    0x00029904     0x1252 ../../../../../../third_party/ThinkSi/config/apollo4b_nemagfx/gcc/bin/lib_nema_apollo4b_nemagfx.a(nema_blender.o)
 .debug_info    0x0002ab56     0x4575 ../../../../../../third_party/ThinkSi/config/apollo4b_nemagfx/gcc/bin/lib_nema_apollo4b_nemagfx.a(nema_graphics.o)
 .debug_info    0x0002f0cb     0x3c65 ../../../../../../third_party/ThinkSi/config/apollo4b_nemagfx/gcc/bin/lib_nema_apollo4b_nemagfx.a(nema_programHW.o)
 .debug_info    0x00032d30      0x53c ../../../../../../third_party/ThinkSi/config/apollo4b_nemagfx/gcc/bin/lib_nema_apollo4b_nemagfx.a(nema_math.o)
 .debug_info    0x0003326c      0xb78 ../../../../../../third_party/ThinkSi/config/apollo4b_nemagfx/gcc/bin/lib_nema_apollo4b_nemagfx.a(nema_matrix3x3.o)
 .debug_info    0x00033de4     0x2445 ../../../../../../third_party/ThinkSi/config/apollo4b_nemagfx/gcc/bin/lib_nema_apollo4b_nemagfx.a(nema_dc.o)
 .debug_info    0x00036229     0x1573 ../../../../../../third_party/ThinkSi/config/apollo4b_nemagfx/gcc/bin/lib_nema_apollo4b_nemagfx.a(nema_dc_mipi.o)
 .debug_info    0x0003779c     0x1094 ../../../../../../third_party/ThinkSi/config/apollo4b_nemagfx/gcc/bin/lib_nema_apollo4b_nemagfx.a(tsi_malloc.o)

.debug_abbrev   0x00000000     0x507d
 .debug_abbrev  0x00000000      0x322 bin/main.o
 .debug_abbrev  0x00000322      0x2a5 bin/watch.o
 .debug_abbrev  0x000005c7      0x385 bin/port.o
 .debug_abbrev  0x0000094c      0x3ef bin/nema_dc_hal.o
 .debug_abbrev  0x00000d3b      0x3da bin/nema_hal.o
 .debug_abbrev  0x00001115      0x33f bin/nema_utils.o
 .debug_abbrev  0x00001454      0x169 bin/am_resources.o
 .debug_abbrev  0x000015bd      0x234 bin/nemagfx_watchface.o
 .debug_abbrev  0x000017f1      0x26e bin/rtos.o
 .debug_abbrev  0x00001a5f      0x35f bin/am_devices_dsi_rm67162.o
 .debug_abbrev  0x00001dbe      0x2f3 bin/am_devices_nemadc_rm67162.o
 .debug_abbrev  0x000020b1      0x1f1 bin/list.o
 .debug_abbrev  0x000022a2      0x36e bin/tasks.o
 .debug_abbrev  0x00002610      0x172 bin/am_util_delay.o
 .debug_abbrev  0x00002782      0x21c bin/am_util_stdio.o
 .debug_abbrev  0x0000299e       0xdb bin/startup_gcc.o
 .debug_abbrev  0x00002a79      0x560 ../../../../../../third_party/ThinkSi/config/apollo4b_nemagfx/gcc/bin/lib_nema_apollo4b_nemagfx.a(nema_cmdlist.o)
 .debug_abbrev  0x00002fd9      0x2f3 ../../../../../../third_party/ThinkSi/config/apollo4b_nemagfx/gcc/bin/lib_nema_apollo4b_nemagfx.a(nema_ringbuffer.o)
 .debug_abbrev  0x000032cc      0x37b ../../../../../../third_party/ThinkSi/config/apollo4b_nemagfx/gcc/bin/lib_nema_apollo4b_nemagfx.a(nema_blender.o)
 .debug_abbrev  0x00003647      0x5bd ../../../../../../third_party/ThinkSi/config/apollo4b_nemagfx/gcc/bin/lib_nema_apollo4b_nemagfx.a(nema_graphics.o)
 .debug_abbrev  0x00003c04      0x50c ../../../../../../third_party/ThinkSi/config/apollo4b_nemagfx/gcc/bin/lib_nema_apollo4b_nemagfx.a(nema_programHW.o)
 .debug_abbrev  0x00004110      0x1a6 ../../../../../../third_party/ThinkSi/config/apollo4b_nemagfx/gcc/bin/lib_nema_apollo4b_nemagfx.a(nema_math.o)
 .debug_abbrev  0x000042b6      0x2a8 ../../../../../../third_party/ThinkSi/config/apollo4b_nemagfx/gcc/bin/lib_nema_apollo4b_nemagfx.a(nema_matrix3x3.o)
 .debug_abbrev  0x0000455e      0x4a3 ../../../../../../third_party/ThinkSi/config/apollo4b_nemagfx/gcc/bin/lib_nema_apollo4b_nemagfx.a(nema_dc.o)
 .debug_abbrev  0x00004a01      0x317 ../../../../../../third_party/ThinkSi/config/apollo4b_nemagfx/gcc/bin/lib_nema_apollo4b_nemagfx.a(nema_dc_mipi.o)
 .debug_abbrev  0x00004d18      0x365 ../../../../../../third_party/ThinkSi/config/apollo4b_nemagfx/gcc/bin/lib_nema_apollo4b_nemagfx.a(tsi_malloc.o)

.debug_aranges  0x00000000      0xdd8
 .debug_aranges
                0x00000000       0x48 bin/main.o
 .debug_aranges
                0x00000048       0x50 bin/watch.o
 .debug_aranges
                0x00000098       0xb0 bin/port.o
 .debug_aranges
                0x00000148       0x70 bin/nema_dc_hal.o
 .debug_aranges
                0x000001b8       0xb8 bin/nema_hal.o
 .debug_aranges
                0x00000270       0x60 bin/nema_utils.o
 .debug_aranges
                0x000002d0       0x18 bin/am_resources.o
 .debug_aranges
                0x000002e8       0x30 bin/nemagfx_watchface.o
 .debug_aranges
                0x00000318       0x38 bin/rtos.o
 .debug_aranges
                0x00000350       0x78 bin/am_devices_dsi_rm67162.o
 .debug_aranges
                0x000003c8       0x40 bin/am_devices_nemadc_rm67162.o
 .debug_aranges
                0x00000408       0x40 bin/list.o
 .debug_aranges
                0x00000448      0x1a0 bin/tasks.o
 .debug_aranges
                0x000005e8       0x30 bin/am_util_delay.o
 .debug_aranges
                0x00000618       0xb8 bin/am_util_stdio.o
 .debug_aranges
                0x000006d0       0x38 bin/startup_gcc.o
 .debug_aranges
                0x00000708       0xa8 ../../../../../../third_party/ThinkSi/config/apollo4b_nemagfx/gcc/bin/lib_nema_apollo4b_nemagfx.a(nema_cmdlist.o)
 .debug_aranges
                0x000007b0       0x48 ../../../../../../third_party/ThinkSi/config/apollo4b_nemagfx/gcc/bin/lib_nema_apollo4b_nemagfx.a(nema_ringbuffer.o)
 .debug_aranges
                0x000007f8       0x48 ../../../../../../third_party/ThinkSi/config/apollo4b_nemagfx/gcc/bin/lib_nema_apollo4b_nemagfx.a(nema_blender.o)
 .debug_aranges
                0x00000840      0x1b0 ../../../../../../third_party/ThinkSi/config/apollo4b_nemagfx/gcc/bin/lib_nema_apollo4b_nemagfx.a(nema_graphics.o)
 .debug_aranges
                0x000009f0      0x178 ../../../../../../third_party/ThinkSi/config/apollo4b_nemagfx/gcc/bin/lib_nema_apollo4b_nemagfx.a(nema_programHW.o)
 .debug_aranges
                0x00000b68       0x50 ../../../../../../third_party/ThinkSi/config/apollo4b_nemagfx/gcc/bin/lib_nema_apollo4b_nemagfx.a(nema_math.o)
 .debug_aranges
                0x00000bb8       0x88 ../../../../../../third_party/ThinkSi/config/apollo4b_nemagfx/gcc/bin/lib_nema_apollo4b_nemagfx.a(nema_matrix3x3.o)
 .debug_aranges
                0x00000c40       0xf8 ../../../../../../third_party/ThinkSi/config/apollo4b_nemagfx/gcc/bin/lib_nema_apollo4b_nemagfx.a(nema_dc.o)
 .debug_aranges
                0x00000d38       0x68 ../../../../../../third_party/ThinkSi/config/apollo4b_nemagfx/gcc/bin/lib_nema_apollo4b_nemagfx.a(nema_dc_mipi.o)
 .debug_aranges
                0x00000da0       0x38 ../../../../../../third_party/ThinkSi/config/apollo4b_nemagfx/gcc/bin/lib_nema_apollo4b_nemagfx.a(tsi_malloc.o)

.debug_ranges   0x00000000     0x2170
 .debug_ranges  0x00000000       0x38 bin/main.o
 .debug_ranges  0x00000038       0x40 bin/watch.o
 .debug_ranges  0x00000078       0xa0 bin/port.o
 .debug_ranges  0x00000118       0x60 bin/nema_dc_hal.o
 .debug_ranges  0x00000178       0xa8 bin/nema_hal.o
 .debug_ranges  0x00000220       0x50 bin/nema_utils.o
 .debug_ranges  0x00000270       0x20 bin/nemagfx_watchface.o
 .debug_ranges  0x00000290       0x28 bin/rtos.o
 .debug_ranges  0x000002b8       0x68 bin/am_devices_dsi_rm67162.o
 .debug_ranges  0x00000320       0x30 bin/am_devices_nemadc_rm67162.o
 .debug_ranges  0x00000350       0x30 bin/list.o
 .debug_ranges  0x00000380      0x190 bin/tasks.o
 .debug_ranges  0x00000510       0x20 bin/am_util_delay.o
 .debug_ranges  0x00000530       0xa8 bin/am_util_stdio.o
 .debug_ranges  0x000005d8       0x28 bin/startup_gcc.o
 .debug_ranges  0x00000600      0x858 ../../../../../../third_party/ThinkSi/config/apollo4b_nemagfx/gcc/bin/lib_nema_apollo4b_nemagfx.a(nema_cmdlist.o)
 .debug_ranges  0x00000e58      0x298 ../../../../../../third_party/ThinkSi/config/apollo4b_nemagfx/gcc/bin/lib_nema_apollo4b_nemagfx.a(nema_ringbuffer.o)
 .debug_ranges  0x000010f0       0xc0 ../../../../../../third_party/ThinkSi/config/apollo4b_nemagfx/gcc/bin/lib_nema_apollo4b_nemagfx.a(nema_blender.o)
 .debug_ranges  0x000011b0      0x438 ../../../../../../third_party/ThinkSi/config/apollo4b_nemagfx/gcc/bin/lib_nema_apollo4b_nemagfx.a(nema_graphics.o)
 .debug_ranges  0x000015e8      0x428 ../../../../../../third_party/ThinkSi/config/apollo4b_nemagfx/gcc/bin/lib_nema_apollo4b_nemagfx.a(nema_programHW.o)
 .debug_ranges  0x00001a10       0xe0 ../../../../../../third_party/ThinkSi/config/apollo4b_nemagfx/gcc/bin/lib_nema_apollo4b_nemagfx.a(nema_math.o)
 .debug_ranges  0x00001af0      0x170 ../../../../../../third_party/ThinkSi/config/apollo4b_nemagfx/gcc/bin/lib_nema_apollo4b_nemagfx.a(nema_matrix3x3.o)
 .debug_ranges  0x00001c60      0x270 ../../../../../../third_party/ThinkSi/config/apollo4b_nemagfx/gcc/bin/lib_nema_apollo4b_nemagfx.a(nema_dc.o)
 .debug_ranges  0x00001ed0       0xe8 ../../../../../../third_party/ThinkSi/config/apollo4b_nemagfx/gcc/bin/lib_nema_apollo4b_nemagfx.a(nema_dc_mipi.o)
 .debug_ranges  0x00001fb8      0x1b8 ../../../../../../third_party/ThinkSi/config/apollo4b_nemagfx/gcc/bin/lib_nema_apollo4b_nemagfx.a(tsi_malloc.o)

.debug_line     0x00000000     0xe1ae
 .debug_line    0x00000000      0x5a6 bin/main.o
 .debug_line    0x000005a6      0x302 bin/watch.o
 .debug_line    0x000008a8      0x616 bin/port.o
 .debug_line    0x00000ebe      0x3d4 bin/nema_dc_hal.o
 .debug_line    0x00001292      0x4e1 bin/nema_hal.o
 .debug_line    0x00001773      0x4cf bin/nema_utils.o
 .debug_line    0x00001c42      0x243 bin/am_resources.o
 .debug_line    0x00001e85      0x3b9 bin/nemagfx_watchface.o
 .debug_line    0x0000223e      0x3cf bin/rtos.o
 .debug_line    0x0000260d      0x64a bin/am_devices_dsi_rm67162.o
 .debug_line    0x00002c57      0x4a9 bin/am_devices_nemadc_rm67162.o
 .debug_line    0x00003100      0x25c bin/list.o
 .debug_line    0x0000335c      0xad4 bin/tasks.o
 .debug_line    0x00003e30      0x25a bin/am_util_delay.o
 .debug_line    0x0000408a      0x5a2 bin/am_util_stdio.o
 .debug_line    0x0000462c      0x103 bin/startup_gcc.o
 .debug_line    0x0000472f     0x1523 ../../../../../../third_party/ThinkSi/config/apollo4b_nemagfx/gcc/bin/lib_nema_apollo4b_nemagfx.a(nema_cmdlist.o)
 .debug_line    0x00005c52      0x93c ../../../../../../third_party/ThinkSi/config/apollo4b_nemagfx/gcc/bin/lib_nema_apollo4b_nemagfx.a(nema_ringbuffer.o)
 .debug_line    0x0000658e      0x97c ../../../../../../third_party/ThinkSi/config/apollo4b_nemagfx/gcc/bin/lib_nema_apollo4b_nemagfx.a(nema_blender.o)
 .debug_line    0x00006f0a     0x19d9 ../../../../../../third_party/ThinkSi/config/apollo4b_nemagfx/gcc/bin/lib_nema_apollo4b_nemagfx.a(nema_graphics.o)
 .debug_line    0x000088e3     0x2bd2 ../../../../../../third_party/ThinkSi/config/apollo4b_nemagfx/gcc/bin/lib_nema_apollo4b_nemagfx.a(nema_programHW.o)
 .debug_line    0x0000b4b5      0x32f ../../../../../../third_party/ThinkSi/config/apollo4b_nemagfx/gcc/bin/lib_nema_apollo4b_nemagfx.a(nema_math.o)
 .debug_line    0x0000b7e4      0xc5f ../../../../../../third_party/ThinkSi/config/apollo4b_nemagfx/gcc/bin/lib_nema_apollo4b_nemagfx.a(nema_matrix3x3.o)
 .debug_line    0x0000c443     0x10ff ../../../../../../third_party/ThinkSi/config/apollo4b_nemagfx/gcc/bin/lib_nema_apollo4b_nemagfx.a(nema_dc.o)
 .debug_line    0x0000d542      0x5da ../../../../../../third_party/ThinkSi/config/apollo4b_nemagfx/gcc/bin/lib_nema_apollo4b_nemagfx.a(nema_dc_mipi.o)
 .debug_line    0x0000db1c      0x692 ../../../../../../third_party/ThinkSi/config/apollo4b_nemagfx/gcc/bin/lib_nema_apollo4b_nemagfx.a(tsi_malloc.o)

.debug_str      0x00000000    0x116ff
 .debug_str     0x00000000     0x50f4 bin/main.o
                               0x5239 (size before relaxing)
 .debug_str     0x000050f4      0x1f1 bin/watch.o
                                0x8cd (size before relaxing)
 .debug_str     0x000052e5     0x1f0d bin/port.o
                               0x66a1 (size before relaxing)
 .debug_str     0x000071f2     0x1117 bin/nema_dc_hal.o
                               0x45ff (size before relaxing)
 .debug_str     0x00008309      0xa22 bin/nema_hal.o
                               0x3f70 (size before relaxing)
 .debug_str     0x00008d2b     0x1443 bin/nema_utils.o
                               0x45dc (size before relaxing)
 .debug_str     0x0000a16e       0xc7 bin/am_resources.o
                               0x2c1e (size before relaxing)
 .debug_str     0x0000a235     0x3036 bin/nemagfx_watchface.o
                               0x5af2 (size before relaxing)
 .debug_str     0x0000d26b       0xb5 bin/rtos.o
                               0x4b42 (size before relaxing)
 .debug_str     0x0000d320     0x144f bin/am_devices_dsi_rm67162.o
                               0x6a59 (size before relaxing)
 .debug_str     0x0000e76f      0x104 bin/am_devices_nemadc_rm67162.o
                               0x31f9 (size before relaxing)
 .debug_str     0x0000e873      0x159 bin/list.o
                                0x72b (size before relaxing)
 .debug_str     0x0000e9cc      0xa6b bin/tasks.o
                               0x123b (size before relaxing)
 .debug_str     0x0000f437       0x90 bin/am_util_delay.o
                                0xaa1 (size before relaxing)
 .debug_str     0x0000f4c7      0x37d bin/am_util_stdio.o
                                0x5e2 (size before relaxing)
 .debug_str     0x0000f844       0x93 bin/startup_gcc.o
                                0x262 (size before relaxing)
 .debug_str     0x0000f8d7      0x3c5 ../../../../../../third_party/ThinkSi/config/apollo4b_nemagfx/gcc/bin/lib_nema_apollo4b_nemagfx.a(nema_cmdlist.o)
                                0x9c1 (size before relaxing)
 .debug_str     0x0000fc9c       0xe4 ../../../../../../third_party/ThinkSi/config/apollo4b_nemagfx/gcc/bin/lib_nema_apollo4b_nemagfx.a(nema_ringbuffer.o)
                                0x7b0 (size before relaxing)
 .debug_str     0x0000fd80      0x3b0 ../../../../../../third_party/ThinkSi/config/apollo4b_nemagfx/gcc/bin/lib_nema_apollo4b_nemagfx.a(nema_blender.o)
                                0x9ca (size before relaxing)
 .debug_str     0x00010130      0x734 ../../../../../../third_party/ThinkSi/config/apollo4b_nemagfx/gcc/bin/lib_nema_apollo4b_nemagfx.a(nema_graphics.o)
                                0xfbf (size before relaxing)
 .debug_str     0x00010864      0x31f ../../../../../../third_party/ThinkSi/config/apollo4b_nemagfx/gcc/bin/lib_nema_apollo4b_nemagfx.a(nema_programHW.o)
                                0xcde (size before relaxing)
 .debug_str     0x00010b83       0xa6 ../../../../../../third_party/ThinkSi/config/apollo4b_nemagfx/gcc/bin/lib_nema_apollo4b_nemagfx.a(nema_math.o)
                                0x1ef (size before relaxing)
 .debug_str     0x00010c29      0x193 ../../../../../../third_party/ThinkSi/config/apollo4b_nemagfx/gcc/bin/lib_nema_apollo4b_nemagfx.a(nema_matrix3x3.o)
                                0x308 (size before relaxing)
 .debug_str     0x00010dbc      0x6b1 ../../../../../../third_party/ThinkSi/config/apollo4b_nemagfx/gcc/bin/lib_nema_apollo4b_nemagfx.a(nema_dc.o)
                               0x1252 (size before relaxing)
 .debug_str     0x0001146d      0x140 ../../../../../../third_party/ThinkSi/config/apollo4b_nemagfx/gcc/bin/lib_nema_apollo4b_nemagfx.a(nema_dc_mipi.o)
                                0xaeb (size before relaxing)
 .debug_str     0x000115ad      0x152 ../../../../../../third_party/ThinkSi/config/apollo4b_nemagfx/gcc/bin/lib_nema_apollo4b_nemagfx.a(tsi_malloc.o)
                                0x724 (size before relaxing)

.comment        0x00000000      0x162
 .comment       0x00000000       0x7f bin/main.o
                                 0x80 (size before relaxing)
 .comment       0x0000007f       0x80 bin/watch.o
 .comment       0x0000007f       0x80 bin/port.o
 .comment       0x0000007f       0x80 bin/nema_dc_hal.o
 .comment       0x0000007f       0x80 bin/nema_hal.o
 .comment       0x0000007f       0x80 bin/nema_utils.o
 .comment       0x0000007f       0x80 bin/am_resources.o
 .comment       0x0000007f       0x80 bin/nemagfx_watchface.o
 .comment       0x0000007f       0x80 bin/rtos.o
 .comment       0x0000007f       0x80 bin/am_devices_dsi_rm67162.o
 .comment       0x0000007f       0x80 bin/am_devices_nemadc_rm67162.o
 .comment       0x0000007f       0x80 bin/list.o
 .comment       0x0000007f       0x80 bin/tasks.o
 .comment       0x0000007f       0x80 bin/am_util_delay.o
 .comment       0x0000007f       0x80 bin/am_util_stdio.o
 .comment       0x0000007f       0x80 bin/startup_gcc.o
 .comment       0x0000007f       0x6e ../../../../../../mcu/apollo4b/hal/mcu/gcc/bin/libam_hal.a(am_hal_clkgen.o)
                                 0x6f (size before relaxing)
 .comment       0x000000ed       0x6f ../../../../../../mcu/apollo4b/hal/mcu/gcc/bin/libam_hal.a(am_hal_dsi.o)
 .comment       0x000000ed       0x6f ../../../../../../mcu/apollo4b/hal/mcu/gcc/bin/libam_hal.a(am_hal_interrupt.o)
 .comment       0x000000ed       0x6f ../../../../../../mcu/apollo4b/hal/mcu/gcc/bin/libam_hal.a(am_hal_itm.o)
 .comment       0x000000ed       0x6f ../../../../../../mcu/apollo4b/hal/mcu/gcc/bin/libam_hal.a(am_hal_utils.o)
 .comment       0x000000ed       0x6f ../../../../../../mcu/apollo4b/hal/mcu/gcc/bin/libam_hal.a(am_hal_gpio.o)
 .comment       0x000000ed       0x6f ../../../../../../mcu/apollo4b/hal/mcu/gcc/bin/libam_hal.a(am_hal_pwrctrl.o)
 .comment       0x000000ed       0x6f ../../../../../../mcu/apollo4b/hal/mcu/gcc/bin/libam_hal.a(am_hal_stimer.o)
 .comment       0x000000ed       0x6f ../../../../../../mcu/apollo4b/hal/mcu/gcc/bin/libam_hal.a(am_hal_timer.o)
 .comment       0x000000ed       0x6f ../../../../../../mcu/apollo4b/hal/mcu/gcc/bin/libam_hal.a(am_hal_bootrom_helper.o)
 .comment       0x000000ed       0x6f ../../../../../../mcu/apollo4b/hal/mcu/gcc/bin/libam_hal.a(am_hal_cachectrl.o)
 .comment       0x000000ed       0x6f ../../../../../../mcu/apollo4b/hal/mcu/gcc/bin/libam_hal.a(am_hal_global.o)
 .comment       0x000000ed       0x80 ../../../../bsp/gcc/bin/libam_bsp.a(am_bsp.o)
 .comment       0x000000ed       0x80 ../../../../bsp/gcc/bin/libam_bsp.a(am_bsp_pins.o)
 .comment       0x000000ed       0x75 ../../../../../../third_party/ThinkSi/config/apollo4b_nemagfx/gcc/bin/lib_nema_apollo4b_nemagfx.a(nema_cmdlist.o)
                                 0x76 (size before relaxing)
 .comment       0x00000162       0x76 ../../../../../../third_party/ThinkSi/config/apollo4b_nemagfx/gcc/bin/lib_nema_apollo4b_nemagfx.a(nema_ringbuffer.o)
 .comment       0x00000162       0x76 ../../../../../../third_party/ThinkSi/config/apollo4b_nemagfx/gcc/bin/lib_nema_apollo4b_nemagfx.a(nema_blender.o)
 .comment       0x00000162       0x76 ../../../../../../third_party/ThinkSi/config/apollo4b_nemagfx/gcc/bin/lib_nema_apollo4b_nemagfx.a(nema_graphics.o)
 .comment       0x00000162       0x76 ../../../../../../third_party/ThinkSi/config/apollo4b_nemagfx/gcc/bin/lib_nema_apollo4b_nemagfx.a(nema_programHW.o)
 .comment       0x00000162       0x76 ../../../../../../third_party/ThinkSi/config/apollo4b_nemagfx/gcc/bin/lib_nema_apollo4b_nemagfx.a(nema_math.o)
 .comment       0x00000162       0x76 ../../../../../../third_party/ThinkSi/config/apollo4b_nemagfx/gcc/bin/lib_nema_apollo4b_nemagfx.a(nema_matrix3x3.o)
 .comment       0x00000162       0x76 ../../../../../../third_party/ThinkSi/config/apollo4b_nemagfx/gcc/bin/lib_nema_apollo4b_nemagfx.a(nema_dc.o)
 .comment       0x00000162       0x76 ../../../../../../third_party/ThinkSi/config/apollo4b_nemagfx/gcc/bin/lib_nema_apollo4b_nemagfx.a(nema_dc_mipi.o)
 .comment       0x00000162       0x76 ../../../../../../third_party/ThinkSi/config/apollo4b_nemagfx/gcc/bin/lib_nema_apollo4b_nemagfx.a(tsi_malloc.o)
 .comment       0x00000162       0x6f ../../../../../../mcu/apollo4b/hal/mcu/gcc/bin/libam_hal.a(am_hal_rtc.o)
 .comment       0x00000162       0x6f ../../../../../../mcu/apollo4b/hal/mcu/gcc/bin/libam_hal.a(am_hal_tpiu.o)